<html>
<body>
<pre>
<h1>礦ision Build Log</h1>
<h2>Tool Versions:</h2>
IDE-Version: μVision V5.24.2.0
Copyright (C) 2017 ARM Ltd and ARM Germany GmbH. All rights reserved.
License Information: f'd c, dfdddf, LIC=9N0X7-EJUZQ-BVE1G-VL7I2-TK5DC-LUBJ3
 
Tool Versions:
Toolchain:       MDK-ARM Professional  Version: 5.24.1
Toolchain Path:  C:\Keil_v5\ARM\ARMCC\Bin
C Compiler:      Armcc.exe V5.06 update 5 (build 528)
Assembler:       Armasm.exe V5.06 update 5 (build 528)
Linker/Locator:  ArmLink.exe V5.06 update 5 (build 528)
Library Manager: ArmAr.exe V5.06 update 5 (build 528)
Hex Converter:   FromElf.exe V5.06 update 5 (build 528)
CPU DLL:         SARMCM3.DLL V5.24.1
Dialog DLL:      DCM.DLL V1.16.0.0
Target DLL:      Segger\JL2CM3.dll V2.97.0.0
Dialog DLL:      TCM.DLL V1.32.0.0
 
<h2>Project:</h2>
D:\yuanzi\【正点原子-探索者STM32F407-RT-Thread】示例-标准库版本\【正点原子-探索者STM32F407-RT-Thread】示例-标准库版本\实验18 【正点原子-探索者F407-RT-Thread】特色组件shell\USER\test.uvprojx
Project File Date:  05/31/2018

<h2>Output:</h2>
*** Using Compiler 'V5.06 update 5 (build 528)', folder: 'C:\Keil_v5\ARM\ARMCC\Bin'
Rebuild target 'LED'
compiling completion.c...
compiling dataqueue.c...
compiling waitqueue.c...
compiling ringbuffer.c...
assembling startup_stm32f40_41xxx.s...
compiling workqueue.c...
compiling led.c...
compiling stm32f4xx_it.c...
compiling system_stm32f4xx.c...
compiling misc.c...
compiling usart.c...
compiling main.c...
main.c(29): warning:  #177-D: variable "count"  was declared but never referenced
      rt_uint32_t count = 0;
main.c(44): warning:  #177-D: variable "err"  was declared but never referenced
      rt_err_t err;
main.c(45): warning:  #177-D: variable "count"  was declared but never referenced
  		rt_uint32_t count = 0;
main.c: 3 warnings, 0 errors
compiling stm32f4xx_gpio.c...
compiling cmd.c...
compiling msh.c...
compiling msh_cmd.c...
compiling msh_file.c...
assembling context_rvds.S...
compiling symbol.c...
compiling cpuport.c...
compiling shell.c...
compiling clock.c...
compiling components.c...
compiling idle.c...
compiling device.c...
compiling stm32f4xx_usart.c...
compiling ipc.c...
compiling irq.c...
compiling stm32f4xx_dma.c...
compiling mem.c...
compiling stm32f4xx_rcc.c...
compiling kservice.c...
compiling object.c...
compiling scheduler.c...
compiling thread.c...
compiling timer.c...
compiling board.c...
linking...
Program Size: Code=15720 RO-data=1556 RW-data=228 ZI-data=9468  
FromELF: creating hex file...
"..\OBJ\LED.axf" - 0 Error(s), 3 Warning(s).

<h2>Software Packages used:</h2>

Package Vendor: rt-thread
                http://www.rt-thread.org/download/mdk/rt-thread.rtthread.3.0.3.pack
                rt-thread.rtthread.3.0.3
                RT-Thread Software Components
   * Component: shell Version: 3.0.3
   * Component: kernel Version: 3.0.3
   * Component: device drivers Version: 3.0.3

Package Vendor: Keil
                http://www.keil.com/pack/Keil.STM32F4xx_DFP.2.13.0.pack
                Keil.STM32F4xx_DFP.2.13.0
                STMicroelectronics STM32F4 Series Device Support, Drivers and Examples

<h2>Collection of Component include folders:</h2>
  .\RTE\RTOS
  .\RTE\_LED
  C:\Keil_v5\ARM\PACK\Keil\STM32F4xx_DFP\2.13.0\Drivers\CMSIS\Device\ST\STM32F4xx\Include
  C:\Keil_v5\ARM\PACK\rt-thread\rtthread\3.0.3\components\finsh
  C:\Keil_v5\ARM\PACK\rt-thread\rtthread\3.0.3\include

<h2>Collection of Component Files used:</h2>

   * Component: rt-thread.RT-Thread::RTOS:shell:3.0.3
      Source file:   components\finsh\msh.c
      Source file:   components\finsh\shell.c
      Source file:   components\finsh\msh_cmd.c
      Source file:   components\finsh\msh_file.c
      Source file:   components\finsh\symbol.c
      Source file:   components\finsh\cmd.c

   * Component: rt-thread.RT-Thread::RTOS:kernel:3.0.3
      Source file:   src\kservice.c
      Source file:   src\device.c
      Source file:   libcpu\arm\cortex-m4\cpuport.c
      Source file:   src\clock.c
      Source file:   src\scheduler.c
      Source file:   src\timer.c
      Source file:   bsp\board.c
      Source file:   src\mem.c
      Source file:   src\thread.c
      Source file:   src\object.c
      Source file:   libcpu\arm\cortex-m4\context_rvds.S
      Include file:  bsp\rtconfig.h
      Source file:   src\ipc.c
      Source file:   src\irq.c
      Source file:   src\components.c
      Source file:   src\idle.c

   * Component: rt-thread.RT-Thread::RTOS:device drivers:3.0.3
Build Time Elapsed:  00:00:06
</pre>
</body>
</html>
