Component: ARM Compiler 5.06 update 5 (build 528) Tool: armlink [4d35e2]

==============================================================================

Section Cross References

    main.o(i.led0_thread_entry) refers to thread.o(i.rt_thread_delay) for rt_thread_delay
    main.o(i.led1_thread_entry) refers to thread.o(i.rt_thread_delay) for rt_thread_delay
    main.o(i.main) refers to thread.o(i.rt_thread_init) for rt_thread_init
    main.o(i.main) refers to thread.o(i.rt_thread_startup) for rt_thread_startup
    main.o(i.main) refers to main.o(.bss) for rt_led0_thread_stack
    main.o(i.main) refers to main.o(i.led0_thread_entry) for led0_thread_entry
    main.o(i.main) refers to main.o(i.led1_thread_entry) for led1_thread_entry
    system_stm32f4xx.o(i.SystemCoreClockUpdate) refers to system_stm32f4xx.o(.data) for SystemCoreClock
    system_stm32f4xx.o(i.SystemInit) refers to system_stm32f4xx.o(i.SetSysClock) for SetSysClock
    led.o(i.LED_Init) refers to stm32f4xx_rcc.o(i.RCC_AHB1PeriphClockCmd) for RCC_AHB1PeriphClockCmd
    led.o(i.LED_Init) refers to stm32f4xx_gpio.o(i.GPIO_Init) for GPIO_Init
    led.o(i.LED_Init) refers to stm32f4xx_gpio.o(i.GPIO_SetBits) for GPIO_SetBits
    usart.o(i.USART1_IRQHandler) refers to usart.o(i.uart_irq_handler) for uart_irq_handler
    usart.o(i.USART1_IRQHandler) refers to usart.o(.bss) for uart1_device
    usart.o(i.nvic_configuration) refers to misc.o(i.NVIC_Init) for NVIC_Init
    usart.o(i.rt_hw_usart_init) refers to ringbuffer.o(i.rt_ringbuffer_init) for rt_ringbuffer_init
    usart.o(i.rt_hw_usart_init) refers to usart.o(i.nvic_configuration) for nvic_configuration
    usart.o(i.rt_hw_usart_init) refers to device.o(i.rt_device_register) for rt_device_register
    usart.o(i.rt_hw_usart_init) refers to usart.o(.bss) for uart1_device
    usart.o(i.rt_hw_usart_init) refers to usart.o(i.rt_uart_init) for rt_uart_init
    usart.o(i.rt_hw_usart_init) refers to usart.o(i.rt_uart_open) for rt_uart_open
    usart.o(i.rt_hw_usart_init) refers to usart.o(i.rt_uart_close) for rt_uart_close
    usart.o(i.rt_hw_usart_init) refers to usart.o(i.rt_uart_read) for rt_uart_read
    usart.o(i.rt_hw_usart_init) refers to usart.o(i.rt_uart_write) for rt_uart_write
    usart.o(i.rt_uart_init) refers to stm32f4xx_rcc.o(i.RCC_AHB1PeriphClockCmd) for RCC_AHB1PeriphClockCmd
    usart.o(i.rt_uart_init) refers to stm32f4xx_rcc.o(i.RCC_APB2PeriphClockCmd) for RCC_APB2PeriphClockCmd
    usart.o(i.rt_uart_init) refers to usart.o(i.uart_io_init) for uart_io_init
    usart.o(i.rt_uart_init) refers to usart.o(i.uart_ll_init) for uart_ll_init
    usart.o(i.rt_uart_read) refers to context_rvds.o(.text) for rt_hw_interrupt_disable
    usart.o(i.rt_uart_read) refers to ringbuffer.o(i.rt_ringbuffer_get) for rt_ringbuffer_get
    usart.o(i.rt_uart_write) refers to stm32f4xx_usart.o(i.USART_GetFlagStatus) for USART_GetFlagStatus
    usart.o(i.rt_uart_write) refers to stm32f4xx_usart.o(i.USART_SendData) for USART_SendData
    usart.o(i.rt_uart_write) refers to stm32f4xx_usart.o(i.USART_ClearFlag) for USART_ClearFlag
    usart.o(i.uart_io_init) refers to stm32f4xx_gpio.o(i.GPIO_PinAFConfig) for GPIO_PinAFConfig
    usart.o(i.uart_io_init) refers to stm32f4xx_gpio.o(i.GPIO_Init) for GPIO_Init
    usart.o(i.uart_irq_handler) refers to irq.o(i.rt_interrupt_enter) for rt_interrupt_enter
    usart.o(i.uart_irq_handler) refers to stm32f4xx_usart.o(i.USART_GetITStatus) for USART_GetITStatus
    usart.o(i.uart_irq_handler) refers to stm32f4xx_usart.o(i.USART_ReceiveData) for USART_ReceiveData
    usart.o(i.uart_irq_handler) refers to ringbuffer.o(i.rt_ringbuffer_putchar_force) for rt_ringbuffer_putchar_force
    usart.o(i.uart_irq_handler) refers to ringbuffer.o(i.rt_ringbuffer_data_len) for rt_ringbuffer_data_len
    usart.o(i.uart_irq_handler) refers to stm32f4xx_usart.o(i.USART_ClearITPendingBit) for USART_ClearITPendingBit
    usart.o(i.uart_irq_handler) refers to irq.o(i.rt_interrupt_leave) for rt_interrupt_leave
    usart.o(i.uart_ll_init) refers to stm32f4xx_usart.o(i.USART_Init) for USART_Init
    usart.o(i.uart_ll_init) refers to stm32f4xx_usart.o(i.USART_ITConfig) for USART_ITConfig
    usart.o(i.uart_ll_init) refers to stm32f4xx_usart.o(i.USART_Cmd) for USART_Cmd
    usart.o(.rti_fn.1) refers to usart.o(i.rt_hw_usart_init) for rt_hw_usart_init
    completion.o(i.rt_completion_done) refers to context_rvds.o(.text) for rt_hw_interrupt_disable
    completion.o(i.rt_completion_done) refers to thread.o(i.rt_thread_resume) for rt_thread_resume
    completion.o(i.rt_completion_done) refers to scheduler.o(i.rt_schedule) for rt_schedule
    completion.o(i.rt_completion_init) refers to context_rvds.o(.text) for rt_hw_interrupt_disable
    completion.o(i.rt_completion_wait) refers to thread.o(i.rt_thread_self) for rt_thread_self
    completion.o(i.rt_completion_wait) refers to context_rvds.o(.text) for rt_hw_interrupt_disable
[...]
    i.rt_tick_get                            0x08003648   Section        0  clock.o(i.rt_tick_get)
    i.rt_tick_increase                       0x08003654   Section        0  clock.o(i.rt_tick_increase)
    i.rt_timer_check                         0x08003684   Section        0  timer.o(i.rt_timer_check)
    i.rt_timer_control                       0x08003700   Section        0  timer.o(i.rt_timer_control)
    i.rt_timer_detach                        0x08003738   Section        0  timer.o(i.rt_timer_detach)
    i.rt_timer_init                          0x08003758   Section        0  timer.o(i.rt_timer_init)
    i.rt_timer_start                         0x08003788   Section        0  timer.o(i.rt_timer_start)
    i.rt_timer_stop                          0x08003880   Section        0  timer.o(i.rt_timer_stop)
    i.rt_uart_close                          0x080038b0   Section        0  usart.o(i.rt_uart_close)
    rt_uart_close                            0x080038b1   Thumb Code    42  usart.o(i.rt_uart_close)
    i.rt_uart_init                           0x080038e0   Section        0  usart.o(i.rt_uart_init)
    rt_uart_init                             0x080038e1   Thumb Code    38  usart.o(i.rt_uart_init)
    i.rt_uart_open                           0x08003906   Section        0  usart.o(i.rt_uart_open)
    rt_uart_open                             0x08003907   Thumb Code    48  usart.o(i.rt_uart_open)
    i.rt_uart_read                           0x08003936   Section        0  usart.o(i.rt_uart_read)
    rt_uart_read                             0x08003937   Thumb Code    46  usart.o(i.rt_uart_read)
    i.rt_uart_write                          0x08003964   Section        0  usart.o(i.rt_uart_write)
    rt_uart_write                            0x08003965   Thumb Code   142  usart.o(i.rt_uart_write)
    i.rt_vsnprintf                           0x080039f4   Section        0  kservice.o(i.rt_vsnprintf)
    i.rti_board_end                          0x08003d1c   Section        0  components.o(i.rti_board_end)
    rti_board_end                            0x08003d1d   Thumb Code     4  components.o(i.rti_board_end)
    i.rti_board_start                        0x08003d20   Section        0  components.o(i.rti_board_start)
    rti_board_start                          0x08003d21   Thumb Code     4  components.o(i.rti_board_start)
    i.rti_end                                0x08003d24   Section        0  components.o(i.rti_end)
    rti_end                                  0x08003d25   Thumb Code     4  components.o(i.rti_end)
    i.rti_start                              0x08003d28   Section        0  components.o(i.rti_start)
    rti_start                                0x08003d29   Thumb Code     4  components.o(i.rti_start)
    i.rtthread_startup                       0x08003d2c   Section        0  components.o(i.rtthread_startup)
    i.shell_auto_complete                    0x08003d58   Section        0  shell.o(i.shell_auto_complete)
    shell_auto_complete                      0x08003d59   Thumb Code    42  shell.o(i.shell_auto_complete)
    i.show_wait_queue                        0x08003d90   Section        0  cmd.o(i.show_wait_queue)
    show_wait_queue                          0x08003d91   Thumb Code    40  cmd.o(i.show_wait_queue)
    i.skip_atoi                              0x08003dc0   Section        0  kservice.o(i.skip_atoi)
    skip_atoi                                0x08003dc1   Thumb Code    38  kservice.o(i.skip_atoi)
    i.str_common                             0x08003de6   Section        0  msh.o(i.str_common)
    str_common                               0x08003de7   Thumb Code    32  msh.o(i.str_common)
    i.uart_io_init                           0x08003e08   Section        0  usart.o(i.uart_io_init)
    uart_io_init                             0x08003e09   Thumb Code    64  usart.o(i.uart_io_init)
    i.uart_irq_handler                       0x08003e4c   Section        0  usart.o(i.uart_irq_handler)
    i.uart_ll_init                           0x08003e98   Section        0  usart.o(i.uart_ll_init)
    uart_ll_init                             0x08003e99   Thumb Code    66  usart.o(i.uart_ll_init)
    i.version                                0x08003eda   Section        0  cmd.o(i.version)
    x$fpl$fpinit                             0x08003ee4   Section       10  fpinit.o(x$fpl$fpinit)
    $v0                                      0x08003ee4   Number         0  fpinit.o(x$fpl$fpinit)
    .constdata                               0x08003ef0   Section      260  cmd.o(.constdata)
    __tagsym$$used                           0x08003ef0   Number         0  cmd.o(.constdata)
    __tagsym$$used                           0x08003ef6   Number         0  cmd.o(.constdata)
    __tagsym$$used                           0x08003efe   Number         0  cmd.o(.constdata)
    __tagsym$$used                           0x08003f0c   Number         0  cmd.o(.constdata)
    __tagsym$$used                           0x08003f18   Number         0  cmd.o(.constdata)
    __tagsym$$used                           0x08003f2a   Number         0  cmd.o(.constdata)
    __tagsym$$used                           0x08003f33   Number         0  cmd.o(.constdata)
    __tagsym$$used                           0x08003f42   Number         0  cmd.o(.constdata)
    __tagsym$$used                           0x08003f4f   Number         0  cmd.o(.constdata)
    __tagsym$$used                           0x08003f62   Number         0  cmd.o(.constdata)
    __tagsym$$used                           0x08003f6d   Number         0  cmd.o(.constdata)
    __tagsym$$used                           0x08003f7e   Number         0  cmd.o(.constdata)
    __tagsym$$used                           0x08003f8a   Number         0  cmd.o(.constdata)
    __tagsym$$used                           0x08003f9c   Number         0  cmd.o(.constdata)
    .constdata                               0x08003ff4   Section       11  msh.o(.constdata)
    __tagsym$$used                           0x08003ff4   Number         0  msh.o(.constdata)
    .constdata                               0x08003fff   Section       31  msh_cmd.o(.constdata)
    __tagsym$$used                           0x08003fff   Number         0  msh_cmd.o(.constdata)
    __tagsym$$used                           0x08004008   Number         0  msh_cmd.o(.constdata)
    __tagsym$$used                           0x08004013   Number         0  msh_cmd.o(.constdata)
    .constdata                               0x0800401e   Section      290  kservice.o(.constdata)
    small_digits                             0x0800411e   Data          17  kservice.o(.constdata)
    large_digits                             0x0800412f   Data          17  kservice.o(.constdata)
    .constdata                               0x08004140   Section        9  mem.o(.constdata)
    __tagsym$$used                           0x08004140   Number         0  mem.o(.constdata)
    .conststring                             0x0800414c   Section      349  cmd.o(.conststring)
    .rti_fn.0                                0x080042ac   Section        4  components.o(.rti_fn.0)
    __tagsym$$used                           0x080042ac   Number         0  components.o(.rti_fn.0)
    .rti_fn.0.end                            0x080042b0   Section        4  components.o(.rti_fn.0.end)
    __tagsym$$used                           0x080042b0   Number         0  components.o(.rti_fn.0.end)
    .rti_fn.1                                0x080042b4   Section        4  usart.o(.rti_fn.1)
    __tagsym$$used                           0x080042b4   Number         0  usart.o(.rti_fn.1)
    .rti_fn.1.end                            0x080042b8   Section        4  components.o(.rti_fn.1.end)
    __tagsym$$used                           0x080042b8   Number         0  components.o(.rti_fn.1.end)
    .rti_fn.6                                0x080042bc   Section        4  shell.o(.rti_fn.6)
    __tagsym$$used                           0x080042bc   Number         0  shell.o(.rti_fn.6)
    .rti_fn.6.end                            0x080042c0   Section        4  components.o(.rti_fn.6.end)
    __tagsym$$used                           0x080042c0   Number         0  components.o(.rti_fn.6.end)
    FSymTab                                  0x080042c4   Section      112  cmd.o(FSymTab)
    __tagsym$$used                           0x080042c4   Number         0  cmd.o(FSymTab)
    __tagsym$$used                           0x080042cc   Number         0  cmd.o(FSymTab)
    __tagsym$$used                           0x080042d4   Number         0  cmd.o(FSymTab)
    __tagsym$$used                           0x080042dc   Number         0  cmd.o(FSymTab)
    __tagsym$$used                           0x080042e4   Number         0  cmd.o(FSymTab)
    __tagsym$$used                           0x080042ec   Number         0  cmd.o(FSymTab)
    __tagsym$$used                           0x080042f4   Number         0  cmd.o(FSymTab)
    __tagsym$$used                           0x080042fc   Number         0  cmd.o(FSymTab)
    __tagsym$$used                           0x08004304   Number         0  cmd.o(FSymTab)
    __tagsym$$used                           0x0800430c   Number         0  cmd.o(FSymTab)
    __tagsym$$used                           0x08004314   Number         0  cmd.o(FSymTab)
    __tagsym$$used                           0x0800431c   Number         0  cmd.o(FSymTab)
    __tagsym$$used                           0x08004324   Number         0  cmd.o(FSymTab)
    __tagsym$$used                           0x0800432c   Number         0  cmd.o(FSymTab)
    FSymTab                                  0x08004334   Section        8  msh.o(FSymTab)
    __tagsym$$used                           0x08004334   Number         0  msh.o(FSymTab)
    FSymTab                                  0x0800433c   Section       24  msh_cmd.o(FSymTab)
    __tagsym$$used                           0x0800433c   Number         0  msh_cmd.o(FSymTab)
    __tagsym$$used                           0x08004344   Number         0  msh_cmd.o(FSymTab)
    __tagsym$$used                           0x0800434c   Number         0  msh_cmd.o(FSymTab)
    FSymTab                                  0x08004354   Section        8  mem.o(FSymTab)
    __tagsym$$used                           0x08004354   Number         0  mem.o(FSymTab)
    .data                                    0x20000000   Section       20  system_stm32f4xx.o(.data)
    .data                                    0x20000014   Section       16  stm32f4xx_rcc.o(.data)
    APBAHBPrescTable                         0x20000014   Data          16  stm32f4xx_rcc.o(.data)
    .data                                    0x20000024   Section        4  shell.o(.data)
    .data                                    0x20000028   Section       16  symbol.o(.data)
    .data                                    0x20000038   Section       16  cpuport.o(.data)
    rt_exception_hook                        0x20000044   Data           4  cpuport.o(.data)
    .data                                    0x20000048   Section        4  clock.o(.data)
    rt_tick                                  0x20000048   Data           4  clock.o(.data)
    .data                                    0x2000004c   Section        1  irq.o(.data)
    .data                                    0x20000050   Section        8  kservice.o(.data)
    __rt_errno                               0x20000050   Data           4  kservice.o(.data)
    _console_device                          0x20000054   Data           4  kservice.o(.data)
    .data                                    0x20000058   Section       24  mem.o(.data)
    heap_ptr                                 0x20000058   Data           4  mem.o(.data)
    heap_end                                 0x2000005c   Data           4  mem.o(.data)
    lfree                                    0x20000060   Data           4  mem.o(.data)
    mem_size_aligned                         0x20000064   Data           4  mem.o(.data)
    used_mem                                 0x20000068   Data           4  mem.o(.data)
    max_mem                                  0x2000006c   Data           4  mem.o(.data)
    .data                                    0x20000070   Section       80  object.o(.data)
    rt_object_container                      0x20000070   Data          80  object.o(.data)
    .data                                    0x200000c0   Section       24  scheduler.o(.data)
    rt_scheduler_lock_nest                   0x200000c0   Data           2  scheduler.o(.data)
    .data                                    0x200000d8   Section       12  timer.o(.data)
    rt_timer_list                            0x200000d8   Data           8  timer.o(.data)
    random_nr                                0x200000e0   Data           4  timer.o(.data)
    .bss                                     0x200000e4   Section     2288  main.o(.bss)
    led0_thread                              0x200000e4   Data         120  main.o(.bss)
    led1_thread                              0x2000015c   Data         120  main.o(.bss)
    rt_led0_thread_stack                     0x200001d4   Data        1024  main.o(.bss)
    rt_led1_thread_stack                     0x200005d4   Data        1024  main.o(.bss)
    .bss                                     0x200009d4   Section      596  usart.o(.bss)
    .bss                                     0x20000c28   Section     4345  shell.o(.bss)
    finsh_thread                             0x20000c28   Data         120  shell.o(.bss)
    finsh_thread_stack                       0x20000ca0   Data        4096  shell.o(.bss)
    finsh_prompt                             0x20001ca0   Data         129  shell.o(.bss)
    .bss                                     0x20001d24   Section      376  idle.o(.bss)
    idle                                     0x20001d24   Data         120  idle.o(.bss)
    rt_thread_stack                          0x20001d9c   Data         256  idle.o(.bss)
    .bss                                     0x20001e9c   Section      128  kservice.o(.bss)
    rt_log_buf                               0x20001e9c   Data         128  kservice.o(.bss)
    .bss                                     0x20001f1c   Section       32  mem.o(.bss)
    heap_sem                                 0x20001f1c   Data          32  mem.o(.bss)
    .bss                                     0x20001f3c   Section       64  scheduler.o(.bss)
    .bss                                     0x20001f7c   Section       96  libspace.o(.bss)
    HEAP                                     0x20001fe0   Section      512  startup_stm32f40_41xxx.o(HEAP)
    Heap_Mem                                 0x20001fe0   Data         512  startup_stm32f40_41xxx.o(HEAP)
    STACK                                    0x200021e0   Section     1024  startup_stm32f40_41xxx.o(STACK)
    Stack_Mem                                0x200021e0   Data        1024  startup_stm32f40_41xxx.o(STACK)
    __initial_sp                             0x200025e0   Data           0  startup_stm32f40_41xxx.o(STACK)

    Global Symbols

    Symbol Name                              Value     Ov Type        Size  Object(Section)

    BuildAttributes$$THM_ISAv4$E$P$D$K$B$S$7EM$VFPi3$EXTD16$VFPS$VFMA$PE$A:L22UL41UL21$X:L11$S22US41US21$IEEE1$IW$USESV6$~STKCKD$USESV7$~SHL$OSPACE$ROPI$EBA8$UX$STANDARDLIB$REQ8$PRES8$EABIv2 0x00000000   Number         0  anon$$obj.o ABSOLUTE
    __ARM_use_no_argv                        0x00000000   Number         0  main.o ABSOLUTE
    __ARM_exceptions_init                     - Undefined Weak Reference
    __alloca_initialize                       - Undefined Weak Reference
    __arm_preinit_                            - Undefined Weak Reference
    __cpp_initialize__aeabi_                  - Undefined Weak Reference
    __cxa_finalize                            - Undefined Weak Reference
    __rt_locale                               - Undefined Weak Reference
    __sigvec_lookup                           - Undefined Weak Reference
    _atexit_init                              - Undefined Weak Reference
    _call_atexit_fns                          - Undefined Weak Reference
    _clock_init                               - Undefined Weak Reference
    _fp_trap_init                             - Undefined Weak Reference
    _fp_trap_shutdown                         - Undefined Weak Reference
    _get_lc_collate                           - Undefined Weak Reference
    _get_lc_ctype                             - Undefined Weak Reference
    _get_lc_monetary                          - Undefined Weak Reference
    _get_lc_numeric                           - Undefined Weak Reference
    _get_lc_time                              - Undefined Weak Reference
    _getenv_init                              - Undefined Weak Reference
    _handle_redirection                       - Undefined Weak Reference
    _init_alloc                               - Undefined Weak Reference
    _init_user_alloc                          - Undefined Weak Reference
    _initio                                   - Undefined Weak Reference
    _rand_init                                - Undefined Weak Reference
    _signal_finish                            - Undefined Weak Reference
    _signal_init                              - Undefined Weak Reference
    _terminate_alloc                          - Undefined Weak Reference
    _terminate_user_alloc                     - Undefined Weak Reference
    _terminateio                              - Undefined Weak Reference
    __Vectors_Size                           0x00000188   Number         0  startup_stm32f40_41xxx.o ABSOLUTE
    __Vectors                                0x08000000   Data           4  startup_stm32f40_41xxx.o(RESET)
    __Vectors_End                            0x08000188   Data           0  startup_stm32f40_41xxx.o(RESET)
    __main                                   0x08000189   Thumb Code     8  __main.o(!!!main)
    __scatterload                            0x08000191   Thumb Code     0  __scatter.o(!!!scatter)
    __scatterload_rt2                        0x08000191   Thumb Code    44  __scatter.o(!!!scatter)
    __scatterload_rt2_thumb_only             0x08000191   Thumb Code     0  __scatter.o(!!!scatter)
    __scatterload_null                       0x0800019f   Thumb Code     0  __scatter.o(!!!scatter)
    __scatterload_copy                       0x080001c5   Thumb Code    26  __scatter_copy.o(!!handler_copy)
    __scatterload_zeroinit                   0x080001e1   Thumb Code    28  __scatter_zi.o(!!handler_zi)
    __rt_lib_init                            0x080001fd   Thumb Code     0  libinit.o(.ARM.Collect$$libinit$$00000000)
    __rt_lib_init_fp_1                       0x080001ff   Thumb Code     0  libinit2.o(.ARM.Collect$$libinit$$00000001)
    __rt_lib_init_alloca_1                   0x08000203   Thumb Code     0  libinit2.o(.ARM.Collect$$libinit$$0000002E)
    __rt_lib_init_argv_1                     0x08000203   Thumb Code     0  libinit2.o(.ARM.Collect$$libinit$$0000002C)
    __rt_lib_init_atexit_1                   0x08000203   Thumb Code     0  libinit2.o(.ARM.Collect$$libinit$$0000001B)
    __rt_lib_init_clock_1                    0x08000203   Thumb Code     0  libinit2.o(.ARM.Collect$$libinit$$00000021)
    __rt_lib_init_cpp_1                      0x08000203   Thumb Code     0  libinit2.o(.ARM.Collect$$libinit$$00000032)
    __rt_lib_init_exceptions_1               0x08000203   Thumb Code     0  libinit2.o(.ARM.Collect$$libinit$$00000030)
    __rt_lib_init_fp_trap_1                  0x08000203   Thumb Code     0  libinit2.o(.ARM.Collect$$libinit$$0000001F)
    __rt_lib_init_getenv_1                   0x08000203   Thumb Code     0  libinit2.o(.ARM.Collect$$libinit$$00000023)
    __rt_lib_init_heap_1                     0x08000203   Thumb Code     0  libinit2.o(.ARM.Collect$$libinit$$0000000A)
    __rt_lib_init_lc_collate_1               0x08000203   Thumb Code     0  libinit2.o(.ARM.Collect$$libinit$$00000011)
    __rt_lib_init_lc_ctype_1                 0x08000203   Thumb Code     0  libinit2.o(.ARM.Collect$$libinit$$00000013)
    __rt_lib_init_lc_monetary_1              0x08000203   Thumb Code     0  libinit2.o(.ARM.Collect$$libinit$$00000015)
    __rt_lib_init_lc_numeric_1               0x08000203   Thumb Code     0  libinit2.o(.ARM.Collect$$libinit$$00000017)
    __rt_lib_init_lc_time_1                  0x08000203   Thumb Code     0  libinit2.o(.ARM.Collect$$libinit$$00000019)
    __rt_lib_init_preinit_1                  0x08000203   Thumb Code     0  libinit2.o(.ARM.Collect$$libinit$$00000004)
    __rt_lib_init_rand_1                     0x08000203   Thumb Code     0  libinit2.o(.ARM.Collect$$libinit$$0000000E)
    __rt_lib_init_return                     0x08000203   Thumb Code     0  libinit2.o(.ARM.Collect$$libinit$$00000033)
    __rt_lib_init_signal_1                   0x08000203   Thumb Code     0  libinit2.o(.ARM.Collect$$libinit$$0000001D)
    __rt_lib_init_stdio_1                    0x08000203   Thumb Code     0  libinit2.o(.ARM.Collect$$libinit$$00000025)
    __rt_lib_init_user_alloc_1               0x08000203   Thumb Code     0  libinit2.o(.ARM.Collect$$libinit$$0000000C)
    __rt_lib_shutdown                        0x08000205   Thumb Code     0  libshutdown.o(.ARM.Collect$$libshutdown$$00000000)
    __rt_lib_shutdown_cpp_1                  0x08000207   Thumb Code     0  libshutdown2.o(.ARM.Collect$$libshutdown$$00000002)
    __rt_lib_shutdown_fp_trap_1              0x08000207   Thumb Code     0  libshutdown2.o(.ARM.Collect$$libshutdown$$00000007)
    __rt_lib_shutdown_heap_1                 0x08000207   Thumb Code     0  libshutdown2.o(.ARM.Collect$$libshutdown$$0000000F)
    __rt_lib_shutdown_return                 0x08000207   Thumb Code     0  libshutdown2.o(.ARM.Collect$$libshutdown$$00000010)
    __rt_lib_shutdown_signal_1               0x08000207   Thumb Code     0  libshutdown2.o(.ARM.Collect$$libshutdown$$0000000A)
    __rt_lib_shutdown_stdio_1                0x08000207   Thumb Code     0  libshutdown2.o(.ARM.Collect$$libshutdown$$00000004)
    __rt_lib_shutdown_user_alloc_1           0x08000207   Thumb Code     0  libshutdown2.o(.ARM.Collect$$libshutdown$$0000000C)
    __rt_entry                               0x08000209   Thumb Code     0  __rtentry.o(.ARM.Collect$$rtentry$$00000000)
    __rt_entry_presh_1                       0x08000209   Thumb Code     0  __rtentry2.o(.ARM.Collect$$rtentry$$00000002)
    __rt_entry_sh                            0x08000209   Thumb Code     0  __rtentry4.o(.ARM.Collect$$rtentry$$00000004)
    __rt_entry_li                            0x0800020f   Thumb Code     0  __rtentry2.o(.ARM.Collect$$rtentry$$0000000A)
    __rt_entry_postsh_1                      0x0800020f   Thumb Code     0  __rtentry2.o(.ARM.Collect$$rtentry$$00000009)
    __rt_entry_main                          0x08000213   Thumb Code     0  __rtentry2.o(.ARM.Collect$$rtentry$$0000000D)
    __rt_entry_postli_1                      0x08000213   Thumb Code     0  __rtentry2.o(.ARM.Collect$$rtentry$$0000000C)
    __rt_exit                                0x0800021b   Thumb Code     0  rtexit.o(.ARM.Collect$$rtexit$$00000000)
    __rt_exit_ls                             0x0800021d   Thumb Code     0  rtexit2.o(.ARM.Collect$$rtexit$$00000003)
    __rt_exit_prels_1                        0x0800021d   Thumb Code     0  rtexit2.o(.ARM.Collect$$rtexit$$00000002)
    __rt_exit_exit                           0x08000221   Thumb Code     0  rtexit2.o(.ARM.Collect$$rtexit$$00000004)
    Reset_Handler                            0x08000229   Thumb Code     8  startup_stm32f40_41xxx.o(.text)
    ADC_IRQHandler                           0x08000243   Thumb Code     0  startup_stm32f40_41xxx.o(.text)
    CAN1_RX0_IRQHandler                      0x08000243   Thumb Code     0  startup_stm32f40_41xxx.o(.text)
    CAN1_RX1_IRQHandler                      0x08000243   Thumb Code     0  startup_stm32f40_41xxx.o(.text)
    CAN1_SCE_IRQHandler                      0x08000243   Thumb Code     0  startup_stm32f40_41xxx.o(.text)
    CAN1_TX_IRQHandler                       0x08000243   Thumb Code     0  startup_stm32f40_41xxx.o(.text)
    CAN2_RX0_IRQHandler                      0x08000243   Thumb Code     0  startup_stm32f40_41xxx.o(.text)
    CAN2_RX1_IRQHandler                      0x08000243   Thumb Code     0  startup_stm32f40_41xxx.o(.text)
    CAN2_SCE_IRQHandler                      0x08000243   Thumb Code     0  startup_stm32f40_41xxx.o(.text)
    CAN2_TX_IRQHandler                       0x08000243   Thumb Code     0  startup_stm32f40_41xxx.o(.text)
    CRYP_IRQHandler                          0x08000243   Thumb Code     0  startup_stm32f40_41xxx.o(.text)
    DCMI_IRQHandler                          0x08000243   Thumb Code     0  startup_stm32f40_41xxx.o(.text)
    DMA1_Stream0_IRQHandler                  0x08000243   Thumb Code     0  startup_stm32f40_41xxx.o(.text)
    DMA1_Stream1_IRQHandler                  0x08000243   Thumb Code     0  startup_stm32f40_41xxx.o(.text)
    DMA1_Stream2_IRQHandler                  0x08000243   Thumb Code     0  startup_stm32f40_41xxx.o(.text)
    DMA1_Stream3_IRQHandler                  0x08000243   Thumb Code     0  startup_stm32f40_41xxx.o(.text)
    DMA1_Stream4_IRQHandler                  0x08000243   Thumb Code     0  startup_stm32f40_41xxx.o(.text)
    DMA1_Stream5_IRQHandler                  0x08000243   Thumb Code     0  startup_stm32f40_41xxx.o(.text)
    DMA1_Stream6_IRQHandler                  0x08000243   Thumb Code     0  startup_stm32f40_41xxx.o(.text)
    DMA1_Stream7_IRQHandler                  0x08000243   Thumb Code     0  startup_stm32f40_41xxx.o(.text)
    DMA2_Stream0_IRQHandler                  0x08000243   Thumb Code     0  startup_stm32f40_41xxx.o(.text)
    DMA2_Stream1_IRQHandler                  0x08000243   Thumb Code     0  startup_stm32f40_41xxx.o(.text)
    DMA2_Stream2_IRQHandler                  0x08000243   Thumb Code     0  startup_stm32f40_41xxx.o(.text)
    DMA2_Stream3_IRQHandler                  0x08000243   Thumb Code     0  startup_stm32f40_41xxx.o(.text)
    DMA2_Stream4_IRQHandler                  0x08000243   Thumb Code     0  startup_stm32f40_41xxx.o(.text)
    DMA2_Stream5_IRQHandler                  0x08000243   Thumb Code     0  startup_stm32f40_41xxx.o(.text)
    DMA2_Stream6_IRQHandler                  0x08000243   Thumb Code     0  startup_stm32f40_41xxx.o(.text)
    DMA2_Stream7_IRQHandler                  0x08000243   Thumb Code     0  startup_stm32f40_41xxx.o(.text)
    ETH_IRQHandler                           0x08000243   Thumb Code     0  startup_stm32f40_41xxx.o(.text)
    ETH_WKUP_IRQHandler                      0x08000243   Thumb Code     0  startup_stm32f40_41xxx.o(.text)
    EXTI0_IRQHandler                         0x08000243   Thumb Code     0  startup_stm32f40_41xxx.o(.text)
    EXTI15_10_IRQHandler                     0x08000243   Thumb Code     0  startup_stm32f40_41xxx.o(.text)
    EXTI1_IRQHandler                         0x08000243   Thumb Code     0  startup_stm32f40_41xxx.o(.text)
    EXTI2_IRQHandler                         0x08000243   Thumb Code     0  startup_stm32f40_41xxx.o(.text)
    EXTI3_IRQHandler                         0x08000243   Thumb Code     0  startup_stm32f40_41xxx.o(.text)
    EXTI4_IRQHandler                         0x08000243   Thumb Code     0  startup_stm32f40_41xxx.o(.text)
    EXTI9_5_IRQHandler                       0x08000243   Thumb Code     0  startup_stm32f40_41xxx.o(.text)
    FLASH_IRQHandler                         0x08000243   Thumb Code     0  startup_stm32f40_41xxx.o(.text)
    FPU_IRQHandler                           0x08000243   Thumb Code     0  startup_stm32f40_41xxx.o(.text)
    FSMC_IRQHandler                          0x08000243   Thumb Code     0  startup_stm32f40_41xxx.o(.text)
    HASH_RNG_IRQHandler                      0x08000243   Thumb Code     0  startup_stm32f40_41xxx.o(.text)
    I2C1_ER_IRQHandler                       0x08000243   Thumb Code     0  startup_stm32f40_41xxx.o(.text)
    I2C1_EV_IRQHandler                       0x08000243   Thumb Code     0  startup_stm32f40_41xxx.o(.text)
    I2C2_ER_IRQHandler                       0x08000243   Thumb Code     0  startup_stm32f40_41xxx.o(.text)
    I2C2_EV_IRQHandler                       0x08000243   Thumb Code     0  startup_stm32f40_41xxx.o(.text)
    I2C3_ER_IRQHandler                       0x08000243   Thumb Code     0  startup_stm32f40_41xxx.o(.text)
    I2C3_EV_IRQHandler                       0x08000243   Thumb Code     0  startup_stm32f40_41xxx.o(.text)
    OTG_FS_IRQHandler                        0x08000243   Thumb Code     0  startup_stm32f40_41xxx.o(.text)
    OTG_FS_WKUP_IRQHandler                   0x08000243   Thumb Code     0  startup_stm32f40_41xxx.o(.text)
    OTG_HS_EP1_IN_IRQHandler                 0x08000243   Thumb Code     0  startup_stm32f40_41xxx.o(.text)
    OTG_HS_EP1_OUT_IRQHandler                0x08000243   Thumb Code     0  startup_stm32f40_41xxx.o(.text)
    OTG_HS_IRQHandler                        0x08000243   Thumb Code     0  startup_stm32f40_41xxx.o(.text)
    OTG_HS_WKUP_IRQHandler                   0x08000243   Thumb Code     0  startup_stm32f40_41xxx.o(.text)
    PVD_IRQHandler                           0x08000243   Thumb Code     0  startup_stm32f40_41xxx.o(.text)
    RCC_IRQHandler                           0x08000243   Thumb Code     0  startup_stm32f40_41xxx.o(.text)
    RTC_Alarm_IRQHandler                     0x08000243   Thumb Code     0  startup_stm32f40_41xxx.o(.text)
    RTC_WKUP_IRQHandler                      0x08000243   Thumb Code     0  startup_stm32f40_41xxx.o(.text)
    SDIO_IRQHandler                          0x08000243   Thumb Code     0  startup_stm32f40_41xxx.o(.text)
    SPI1_IRQHandler                          0x08000243   Thumb Code     0  startup_stm32f40_41xxx.o(.text)
    SPI2_IRQHandler                          0x08000243   Thumb Code     0  startup_stm32f40_41xxx.o(.text)
    SPI3_IRQHandler                          0x08000243   Thumb Code     0  startup_stm32f40_41xxx.o(.text)
    TAMP_STAMP_IRQHandler                    0x08000243   Thumb Code     0  startup_stm32f40_41xxx.o(.text)
    TIM1_BRK_TIM9_IRQHandler                 0x08000243   Thumb Code     0  startup_stm32f40_41xxx.o(.text)
    TIM1_CC_IRQHandler                       0x08000243   Thumb Code     0  startup_stm32f40_41xxx.o(.text)
    TIM1_TRG_COM_TIM11_IRQHandler            0x08000243   Thumb Code     0  startup_stm32f40_41xxx.o(.text)
    TIM1_UP_TIM10_IRQHandler                 0x08000243   Thumb Code     0  startup_stm32f40_41xxx.o(.text)
    TIM2_IRQHandler                          0x08000243   Thumb Code     0  startup_stm32f40_41xxx.o(.text)
    TIM3_IRQHandler                          0x08000243   Thumb Code     0  startup_stm32f40_41xxx.o(.text)
    TIM4_IRQHandler                          0x08000243   Thumb Code     0  startup_stm32f40_41xxx.o(.text)
    TIM5_IRQHandler                          0x08000243   Thumb Code     0  startup_stm32f40_41xxx.o(.text)
    TIM6_DAC_IRQHandler                      0x08000243   Thumb Code     0  startup_stm32f40_41xxx.o(.text)
    TIM7_IRQHandler                          0x08000243   Thumb Code     0  startup_stm32f40_41xxx.o(.text)
    TIM8_BRK_TIM12_IRQHandler                0x08000243   Thumb Code     0  startup_stm32f40_41xxx.o(.text)
    TIM8_CC_IRQHandler                       0x08000243   Thumb Code     0  startup_stm32f40_41xxx.o(.text)
    TIM8_TRG_COM_TIM14_IRQHandler            0x08000243   Thumb Code     0  startup_stm32f40_41xxx.o(.text)
    TIM8_UP_TIM13_IRQHandler                 0x08000243   Thumb Code     0  startup_stm32f40_41xxx.o(.text)
    UART4_IRQHandler                         0x08000243   Thumb Code     0  startup_stm32f40_41xxx.o(.text)
    UART5_IRQHandler                         0x08000243   Thumb Code     0  startup_stm32f40_41xxx.o(.text)
    USART2_IRQHandler                        0x08000243   Thumb Code     0  startup_stm32f40_41xxx.o(.text)
    USART3_IRQHandler                        0x08000243   Thumb Code     0  startup_stm32f40_41xxx.o(.text)
    USART6_IRQHandler                        0x08000243   Thumb Code     0  startup_stm32f40_41xxx.o(.text)
    WWDG_IRQHandler                          0x08000243   Thumb Code     0  startup_stm32f40_41xxx.o(.text)
    __user_initial_stackheap                 0x08000245   Thumb Code     0  startup_stm32f40_41xxx.o(.text)
    rt_hw_interrupt_disable                  0x08000269   Thumb Code     8  context_rvds.o(.text)
    rt_hw_interrupt_enable                   0x08000271   Thumb Code     6  context_rvds.o(.text)
    rt_hw_context_switch                     0x08000277   Thumb Code    32  context_rvds.o(.text)
    rt_hw_context_switch_interrupt           0x08000277   Thumb Code     0  context_rvds.o(.text)
    PendSV_Handler                           0x08000297   Thumb Code   108  context_rvds.o(.text)
    rt_hw_context_switch_to                  0x08000303   Thumb Code    70  context_rvds.o(.text)
    rt_hw_interrupt_thread_switch            0x08000349   Thumb Code     2  context_rvds.o(.text)
    HardFault_Handler                        0x0800034b   Thumb Code    20  context_rvds.o(.text)
    strcpy                                   0x08000379   Thumb Code    72  strcpy.o(.text)
    strlen                                   0x080003c1   Thumb Code    62  strlen.o(.text)
    strncmp                                  0x080003ff   Thumb Code   150  strncmp.o(.text)
    strcat                                   0x08000495   Thumb Code    24  strcat.o(.text)
    __aeabi_memcpy                           0x080004ad   Thumb Code     0  rt_memcpy_v6.o(.text)
    __rt_memcpy                              0x080004ad   Thumb Code   138  rt_memcpy_v6.o(.text)
    _memcpy_lastbytes                        0x08000513   Thumb Code     0  rt_memcpy_v6.o(.text)
    __aeabi_memcpy4                          0x08000537   Thumb Code     0  rt_memcpy_w.o(.text)
    __aeabi_memcpy8                          0x08000537   Thumb Code     0  rt_memcpy_w.o(.text)
    __rt_memcpy_w                            0x08000537   Thumb Code   100  rt_memcpy_w.o(.text)
    _memcpy_lastbytes_aligned                0x0800057f   Thumb Code     0  rt_memcpy_w.o(.text)
    __aeabi_memclr                           0x0800059b   Thumb Code     0  rt_memclr.o(.text)
    __rt_memclr                              0x0800059b   Thumb Code    68  rt_memclr.o(.text)
    _memset                                  0x0800059f   Thumb Code     0  rt_memclr.o(.text)
    __aeabi_memclr4                          0x080005df   Thumb Code     0  rt_memclr_w.o(.text)
    __aeabi_memclr8                          0x080005df   Thumb Code     0  rt_memclr_w.o(.text)
    __rt_memclr_w                            0x080005df   Thumb Code    78  rt_memclr_w.o(.text)
    _memset_w                                0x080005e3   Thumb Code     0  rt_memclr_w.o(.text)
    __use_two_region_memory                  0x0800062d   Thumb Code     2  heapauxi.o(.text)
    __rt_heap_escrow$2region                 0x0800062f   Thumb Code     2  heapauxi.o(.text)
    __rt_heap_expand$2region                 0x08000631   Thumb Code     2  heapauxi.o(.text)
    __user_setup_stackheap                   0x08000633   Thumb Code    74  sys_stackheap_outer.o(.text)
    exit                                     0x0800067d   Thumb Code    18  exit.o(.text)
    __user_libspace                          0x08000691   Thumb Code     8  libspace.o(.text)
    __user_perproc_libspace                  0x08000691   Thumb Code     0  libspace.o(.text)
    __user_perthread_libspace                0x08000691   Thumb Code     0  libspace.o(.text)
    _sys_exit                                0x08000699   Thumb Code     8  sys_exit.o(.text)
    __I$use$semihosting                      0x080006a5   Thumb Code     0  use_no_semi.o(.text)
    __use_no_semihosting_swi                 0x080006a5   Thumb Code     2  use_no_semi.o(.text)
    __semihosting_library_function           0x080006a7   Thumb Code     0  indicate_semi.o(.text)
    main                                     0x080006a7   Thumb Code    14  components.o(i.$Sub$$main)
    BusFault_Handler                         0x080006b5   Thumb Code     4  stm32f4xx_it.o(i.BusFault_Handler)
    DebugMon_Handler                         0x080006b9   Thumb Code     2  stm32f4xx_it.o(i.DebugMon_Handler)
    GPIO_Init                                0x080006bb   Thumb Code   144  stm32f4xx_gpio.o(i.GPIO_Init)
    GPIO_PinAFConfig                         0x0800074b   Thumb Code    70  stm32f4xx_gpio.o(i.GPIO_PinAFConfig)
    GPIO_SetBits                             0x08000791   Thumb Code     4  stm32f4xx_gpio.o(i.GPIO_SetBits)
    LED_Init                                 0x08000795   Thumb Code    60  led.o(i.LED_Init)
    MemManage_Handler                        0x080007d5   Thumb Code     4  stm32f4xx_it.o(i.MemManage_Handler)
    NMI_Handler                              0x080007d9   Thumb Code     2  stm32f4xx_it.o(i.NMI_Handler)
    NVIC_Init                                0x080007dd   Thumb Code   106  misc.o(i.NVIC_Init)
    RCC_AHB1PeriphClockCmd                   0x08000855   Thumb Code    26  stm32f4xx_rcc.o(i.RCC_AHB1PeriphClockCmd)
    RCC_APB2PeriphClockCmd                   0x08000875   Thumb Code    26  stm32f4xx_rcc.o(i.RCC_APB2PeriphClockCmd)
    RCC_GetClocksFreq                        0x08000895   Thumb Code   214  stm32f4xx_rcc.o(i.RCC_GetClocksFreq)
    SVC_Handler                              0x0800097d   Thumb Code     2  stm32f4xx_it.o(i.SVC_Handler)
    SysTick_Handler                          0x08000a6d   Thumb Code    16  board.o(i.SysTick_Handler)
    SystemInit                               0x08000a7d   Thumb Code    88  system_stm32f4xx.o(i.SystemInit)
    USART1_IRQHandler                        0x08000ae5   Thumb Code    10  usart.o(i.USART1_IRQHandler)
    USART_ClearFlag                          0x08000af5   Thumb Code    18  stm32f4xx_usart.o(i.USART_ClearFlag)
    USART_ClearITPendingBit                  0x08000b07   Thumb Code    30  stm32f4xx_usart.o(i.USART_ClearITPendingBit)
    USART_Cmd                                0x08000b25   Thumb Code    24  stm32f4xx_usart.o(i.USART_Cmd)
    USART_GetFlagStatus                      0x08000b3d   Thumb Code    26  stm32f4xx_usart.o(i.USART_GetFlagStatus)
    USART_GetITStatus                        0x08000b57   Thumb Code    84  stm32f4xx_usart.o(i.USART_GetITStatus)
    USART_ITConfig                           0x08000bab   Thumb Code    74  stm32f4xx_usart.o(i.USART_ITConfig)
    USART_Init                               0x08000bf5   Thumb Code   204  stm32f4xx_usart.o(i.USART_Init)
    USART_ReceiveData                        0x08000cc9   Thumb Code    10  stm32f4xx_usart.o(i.USART_ReceiveData)
    USART_SendData                           0x08000cd3   Thumb Code     8  stm32f4xx_usart.o(i.USART_SendData)
    UsageFault_Handler                       0x08000cdb   Thumb Code     4  stm32f4xx_it.o(i.UsageFault_Handler)
    __rt_ffs                                 0x08000ce1   Thumb Code    70  kservice.o(i.__rt_ffs)
    cmd_free                                 0x08001411   Thumb Code    14  msh_cmd.o(i.cmd_free)
    cmd_ps                                   0x0800141f   Thumb Code    14  msh_cmd.o(i.cmd_ps)
    cmd_time                                 0x0800142d   Thumb Code     6  msh_cmd.o(i.cmd_time)
    finsh_get_prompt                         0x08001435   Thumb Code    38  shell.o(i.finsh_get_prompt)
    finsh_set_device                         0x080014bd   Thumb Code   128  shell.o(i.finsh_set_device)
    finsh_system_function_init               0x08001565   Thumb Code    10  shell.o(i.finsh_system_function_init)
    finsh_system_init                        0x08001579   Thumb Code   108  shell.o(i.finsh_system_init)
    finsh_thread_entry                       0x08001625   Thumb Code   944  shell.o(i.finsh_thread_entry)
    hello                                    0x080019f5   Thumb Code    12  cmd.o(i.hello)
    list                                     0x08001a69   Thumb Code    52  cmd.o(i.list)
    list_device                              0x08001ac1   Thumb Code    18  cmd.o(i.list_device)
    list_mem                                 0x08001ad5   Thumb Code    34  mem.o(i.list_mem)
    list_mempool                             0x08001b4d   Thumb Code    18  cmd.o(i.list_mempool)
    list_sem                                 0x08001b5f   Thumb Code    18  cmd.o(i.list_sem)
    list_thread                              0x08001b71   Thumb Code    18  cmd.o(i.list_thread)
    list_timer                               0x08001b83   Thumb Code    18  cmd.o(i.list_timer)
    $Super$$main                             0x08001b95   Thumb Code    80  main.o(i.main)
    main_thread_entry                        0x08001c0d   Thumb Code    14  components.o(i.main_thread_entry)
    msh_auto_complete                        0x08001c1d   Thumb Code   138  msh.o(i.msh_auto_complete)
    msh_exec                                 0x08001cbd   Thumb Code    82  msh.o(i.msh_exec)
    msh_help                                 0x08001d85   Thumb Code    64  msh.o(i.msh_help)
    msh_is_used                              0x08001df9   Thumb Code     4  msh.o(i.msh_is_used)
    rt_application_init                      0x08002171   Thumb Code    32  components.o(i.rt_application_init)
    rt_components_board_init                 0x0800219d   Thumb Code    20  components.o(i.rt_components_board_init)
    rt_components_init                       0x080021b9   Thumb Code    20  components.o(i.rt_components_init)
    rt_console_get_device                    0x080021d5   Thumb Code     6  kservice.o(i.rt_console_get_device)
    rt_console_set_device                    0x080021e1   Thumb Code    48  kservice.o(i.rt_console_set_device)
    rt_device_close                          0x08002215   Thumb Code    54  device.o(i.rt_device_close)
    rt_device_find                           0x0800224b   Thumb Code    82  device.o(i.rt_device_find)
    rt_device_open                           0x0800229d   Thumb Code   122  device.o(i.rt_device_open)
    rt_device_read                           0x08002351   Thumb Code    62  device.o(i.rt_device_read)
    rt_device_register                       0x0800238f   Thumb Code    52  device.o(i.rt_device_register)
    rt_device_set_rx_indicate                0x080023c3   Thumb Code     8  device.o(i.rt_device_set_rx_indicate)
    rt_device_write                          0x080023cb   Thumb Code    62  device.o(i.rt_device_write)
    rt_enter_critical                        0x08002409   Thumb Code    28  scheduler.o(i.rt_enter_critical)
    rt_exit_critical                         0x08002429   Thumb Code    54  scheduler.o(i.rt_exit_critical)
    rt_free                                  0x08002465   Thumb Code   128  mem.o(i.rt_free)
    rt_hw_board_init                         0x08002545   Thumb Code   104  board.o(i.rt_hw_board_init)
    rt_hw_console_output                     0x080025c9   Thumb Code     2  kservice.o(i.rt_hw_console_output)
    rt_hw_hard_fault_exception               0x080025cd   Thumb Code   112  cpuport.o(i.rt_hw_hard_fault_exception)
    rt_hw_stack_init                         0x080026dd   Thumb Code    74  cpuport.o(i.rt_hw_stack_init)
    rt_hw_usart_init                         0x0800272d   Thumb Code    82  usart.o(i.rt_hw_usart_init)
    rt_interrupt_enter                       0x080027a5   Thumb Code    26  irq.o(i.rt_interrupt_enter)
    rt_interrupt_get_nest                    0x080027c5   Thumb Code     6  irq.o(i.rt_interrupt_get_nest)
    rt_interrupt_leave                       0x080027d1   Thumb Code    26  irq.o(i.rt_interrupt_leave)
    rt_kprintf                               0x0800286d   Thumb Code    96  kservice.o(i.rt_kprintf)
    rt_malloc                                0x08002971   Thumb Code   336  mem.o(i.rt_malloc)
    rt_memmove                               0x08002add   Thumb Code    66  kservice.o(i.rt_memmove)
    rt_memset                                0x08002b1f   Thumb Code    72  kservice.o(i.rt_memset)
    rt_object_allocate                       0x08002b67   Thumb Code    74  object.o(i.rt_object_allocate)
    rt_object_delete                         0x08002bb1   Thumb Code    32  object.o(i.rt_object_delete)
    rt_object_detach                         0x08002bd1   Thumb Code    26  object.o(i.rt_object_detach)
    rt_object_get_information                0x08002bed   Thumb Code    36  object.o(i.rt_object_get_information)
    rt_object_init                           0x08002c15   Thumb Code    60  object.o(i.rt_object_init)
    rt_object_is_systemobject                0x08002c51   Thumb Code    18  object.o(i.rt_object_is_systemobject)
    rt_ringbuffer_data_len                   0x08002c63   Thumb Code    76  ringbuffer.o(i.rt_ringbuffer_data_len)
    rt_ringbuffer_get                        0x08002caf   Thumb Code   164  ringbuffer.o(i.rt_ringbuffer_get)
    rt_ringbuffer_init                       0x08002d53   Thumb Code    48  ringbuffer.o(i.rt_ringbuffer_init)
    rt_ringbuffer_putchar_force              0x08002d83   Thumb Code   126  ringbuffer.o(i.rt_ringbuffer_putchar_force)
    rt_schedule                              0x08002e2d   Thumb Code   118  scheduler.o(i.rt_schedule)
    rt_schedule_insert_thread                0x08002ebd   Thumb Code    72  scheduler.o(i.rt_schedule_insert_thread)
    rt_schedule_remove_thread                0x08002f0d   Thumb Code    76  scheduler.o(i.rt_schedule_remove_thread)
    rt_sem_init                              0x08002f61   Thumb Code    38  ipc.o(i.rt_sem_init)
    rt_sem_release                           0x08002f87   Thumb Code    70  ipc.o(i.rt_sem_release)
    rt_sem_take                              0x08002fcd   Thumb Code   116  ipc.o(i.rt_sem_take)
    rt_set_errno                             0x08003041   Thumb Code    36  kservice.o(i.rt_set_errno)
    rt_show_version                          0x08003069   Thumb Code    38  kservice.o(i.rt_show_version)
    rt_strlen                                0x08003119   Thumb Code    18  kservice.o(i.rt_strlen)
    rt_strncmp                               0x0800312b   Thumb Code    40  kservice.o(i.rt_strncmp)
    rt_strncpy                               0x08003153   Thumb Code    52  kservice.o(i.rt_strncpy)
    rt_system_heap_init                      0x08003189   Thumb Code   160  mem.o(i.rt_system_heap_init)
    rt_system_scheduler_init                 0x08003281   Thumb Code    52  scheduler.o(i.rt_system_scheduler_init)
    rt_system_scheduler_start                0x080032cd   Thumb Code    36  scheduler.o(i.rt_system_scheduler_start)
    rt_system_timer_init                     0x080032fd   Thumb Code    24  timer.o(i.rt_system_timer_init)
    rt_system_timer_thread_init              0x08003319   Thumb Code     2  timer.o(i.rt_system_timer_thread_init)
    rt_thread_create                         0x0800331b   Thumb Code    80  thread.o(i.rt_thread_create)
    rt_thread_delay                          0x0800336b   Thumb Code    12  thread.o(i.rt_thread_delay)
    rt_thread_exit                           0x08003379   Thumb Code    76  thread.o(i.rt_thread_exit)
    rt_thread_idle_excute                    0x080033d5   Thumb Code   128  idle.o(i.rt_thread_idle_excute)
    rt_thread_idle_init                      0x08003459   Thumb Code    38  idle.o(i.rt_thread_idle_init)
    rt_thread_init                           0x08003495   Thumb Code    52  thread.o(i.rt_thread_init)
    rt_thread_resume                         0x080034c9   Thumb Code    60  thread.o(i.rt_thread_resume)
    rt_thread_self                           0x08003505   Thumb Code     6  thread.o(i.rt_thread_self)
    rt_thread_sleep                          0x08003511   Thumb Code    62  thread.o(i.rt_thread_sleep)
    rt_thread_startup                        0x08003555   Thumb Code    44  thread.o(i.rt_thread_startup)
    rt_thread_suspend                        0x08003581   Thumb Code    68  thread.o(i.rt_thread_suspend)
    rt_thread_timeout                        0x080035c5   Thumb Code    32  thread.o(i.rt_thread_timeout)
    rt_thread_yield                          0x080035e5   Thumb Code    92  thread.o(i.rt_thread_yield)
    rt_tick_get                              0x08003649   Thumb Code     6  clock.o(i.rt_tick_get)
    rt_tick_increase                         0x08003655   Thumb Code    42  clock.o(i.rt_tick_increase)
    rt_timer_check                           0x08003685   Thumb Code   118  timer.o(i.rt_timer_check)
    rt_timer_control                         0x08003701   Thumb Code    56  timer.o(i.rt_timer_control)
    rt_timer_detach                          0x08003739   Thumb Code    32  timer.o(i.rt_timer_detach)
    rt_timer_init                            0x08003759   Thumb Code    46  timer.o(i.rt_timer_init)
    rt_timer_start                           0x08003789   Thumb Code   238  timer.o(i.rt_timer_start)
    rt_timer_stop                            0x08003881   Thumb Code    48  timer.o(i.rt_timer_stop)
    rt_vsnprintf                             0x080039f5   Thumb Code   800  kservice.o(i.rt_vsnprintf)
    rtthread_startup                         0x08003d2d   Thumb Code    42  components.o(i.rtthread_startup)
    uart_irq_handler                         0x08003e4d   Thumb Code    76  usart.o(i.uart_irq_handler)
    version                                  0x08003edb   Thumb Code    10  cmd.o(i.version)
    _fp_init                                 0x08003ee5   Thumb Code    10  fpinit.o(x$fpl$fpinit)
    __fplib_config_fpu_vfp                   0x08003eed   Thumb Code     0  fpinit.o(x$fpl$fpinit)
    __fplib_config_pureend_doubles           0x08003eed   Thumb Code     0  fpinit.o(x$fpl$fpinit)
    __fsym_hello_name                        0x08003ef0   Data           6  cmd.o(.constdata)
    __fsym_version_name                      0x08003ef6   Data           8  cmd.o(.constdata)
    __fsym___cmd_version_name                0x08003efe   Data          14  cmd.o(.constdata)
    __fsym_list_thread_name                  0x08003f0c   Data          12  cmd.o(.constdata)
    __fsym___cmd_list_thread_name            0x08003f18   Data          18  cmd.o(.constdata)
    __fsym_list_sem_name                     0x08003f2a   Data           9  cmd.o(.constdata)
    __fsym___cmd_list_sem_name               0x08003f33   Data          15  cmd.o(.constdata)
    __fsym_list_mempool_name                 0x08003f42   Data          13  cmd.o(.constdata)
    __fsym___cmd_list_mempool_name           0x08003f4f   Data          19  cmd.o(.constdata)
    __fsym_list_timer_name                   0x08003f62   Data          11  cmd.o(.constdata)
    __fsym___cmd_list_timer_name             0x08003f6d   Data          17  cmd.o(.constdata)
    __fsym_list_device_name                  0x08003f7e   Data          12  cmd.o(.constdata)
    __fsym___cmd_list_device_name            0x08003f8a   Data          18  cmd.o(.constdata)
    __fsym_list_name                         0x08003f9c   Data           5  cmd.o(.constdata)
    __fsym___cmd_help_name                   0x08003ff4   Data          11  msh.o(.constdata)
    __fsym___cmd_ps_name                     0x08003fff   Data           9  msh_cmd.o(.constdata)
    __fsym___cmd_time_name                   0x08004008   Data          11  msh_cmd.o(.constdata)
    __fsym___cmd_free_name                   0x08004013   Data          11  msh_cmd.o(.constdata)
    __lowest_bit_bitmap                      0x0800401e   Data         256  kservice.o(.constdata)
    __fsym_list_mem_name                     0x08004140   Data           9  mem.o(.constdata)
    __rt_init_rti_start                      0x080042ac   Data           4  components.o(.rti_fn.0)
    __rt_init_rti_board_start                0x080042b0   Data           4  components.o(.rti_fn.0.end)
    __rt_init_rt_hw_usart_init               0x080042b4   Data           4  usart.o(.rti_fn.1)
    __rt_init_rti_board_end                  0x080042b8   Data           4  components.o(.rti_fn.1.end)
    __rt_init_finsh_system_init              0x080042bc   Data           4  shell.o(.rti_fn.6)
    __rt_init_rti_end                        0x080042c0   Data           4  components.o(.rti_fn.6.end)
    FSymTab$$Base                            0x080042c4   Number         0  cmd.o(FSymTab)
    __fsym_hello                             0x080042c4   Data           8  cmd.o(FSymTab)
    __fsym_version                           0x080042cc   Data           8  cmd.o(FSymTab)
    __fsym___cmd_version                     0x080042d4   Data           8  cmd.o(FSymTab)
    __fsym_list_thread                       0x080042dc   Data           8  cmd.o(FSymTab)
    __fsym___cmd_list_thread                 0x080042e4   Data           8  cmd.o(FSymTab)
    __fsym_list_sem                          0x080042ec   Data           8  cmd.o(FSymTab)
    __fsym___cmd_list_sem                    0x080042f4   Data           8  cmd.o(FSymTab)
    __fsym_list_mempool                      0x080042fc   Data           8  cmd.o(FSymTab)
    __fsym___cmd_list_mempool                0x08004304   Data           8  cmd.o(FSymTab)
    __fsym_list_timer                        0x0800430c   Data           8  cmd.o(FSymTab)
    __fsym___cmd_list_timer                  0x08004314   Data           8  cmd.o(FSymTab)
    __fsym_list_device                       0x0800431c   Data           8  cmd.o(FSymTab)
    __fsym___cmd_list_device                 0x08004324   Data           8  cmd.o(FSymTab)
    __fsym_list                              0x0800432c   Data           8  cmd.o(FSymTab)
    __fsym___cmd_help                        0x08004334   Data           8  msh.o(FSymTab)
    __fsym___cmd_ps                          0x0800433c   Data           8  msh_cmd.o(FSymTab)
    __fsym___cmd_time                        0x08004344   Data           8  msh_cmd.o(FSymTab)
    __fsym___cmd_free                        0x0800434c   Data           8  msh_cmd.o(FSymTab)
    __fsym_list_mem                          0x08004354   Data           8  mem.o(FSymTab)
    FSymTab$$Limit                           0x0800435c   Number         0  mem.o(FSymTab)
    Region$$Table$$Base                      0x0800435c   Number         0  anon$$obj.o(Region$$Table)
    Region$$Table$$Limit                     0x0800437c   Number         0  anon$$obj.o(Region$$Table)
    SystemCoreClock                          0x20000000   Data           4  system_stm32f4xx.o(.data)
    AHBPrescTable                            0x20000004   Data          16  system_stm32f4xx.o(.data)
    shell                                    0x20000024   Data           4  shell.o(.data)
    _syscall_table_begin                     0x20000028   Data           4  symbol.o(.data)
    _syscall_table_end                       0x2000002c   Data           4  symbol.o(.data)
    _sysvar_table_begin                      0x20000030   Data           4  symbol.o(.data)
    _sysvar_table_end                        0x20000034   Data           4  symbol.o(.data)
    rt_interrupt_from_thread                 0x20000038   Data           4  cpuport.o(.data)
    rt_interrupt_to_thread                   0x2000003c   Data           4  cpuport.o(.data)
    rt_thread_switch_interrupt_flag          0x20000040   Data           4  cpuport.o(.data)
    rt_interrupt_nest                        0x2000004c   Data           1  irq.o(.data)
    rt_current_thread                        0x200000c4   Data           4  scheduler.o(.data)
    rt_current_priority                      0x200000c8   Data           1  scheduler.o(.data)
    rt_thread_ready_priority_group           0x200000cc   Data           4  scheduler.o(.data)
    rt_thread_defunct                        0x200000d0   Data           8  scheduler.o(.data)
    uart1_device                             0x200009d4   Data         596  usart.o(.bss)
    rt_thread_priority_table                 0x20001f3c   Data          64  scheduler.o(.bss)
    __libspace_start                         0x20001f7c   Data          96  libspace.o(.bss)
    __temporary_stack_top$libspace           0x20001fdc   Data           0  libspace.o(.bss)
    Image$$RW_IRAM1$$ZI$$Limit               0x200025e0   Number         0  anon$$obj.o ABSOLUTE



==============================================================================

Memory Map of the image

  Image Entry point : 0x08000189

  Load Region LR_IROM1 (Base: 0x08000000, Size: 0x00004460, Max: 0x00100000, ABSOLUTE)

    Execution Region ER_IROM1 (Exec base: 0x08000000, Load base: 0x08000000, Size: 0x0000437c, Max: 0x00100000, ABSOLUTE)

    Exec Addr    Load Addr    Size         Type   Attr      Idx    E Section Name        Object

    0x08000000   0x08000000   0x00000188   Data   RO          719    RESET               startup_stm32f40_41xxx.o
    0x08000188   0x08000188   0x00000008   Code   RO         2861  * !!!main             c_w.l(__main.o)
    0x08000190   0x08000190   0x00000034   Code   RO         3018    !!!scatter          c_w.l(__scatter.o)
    0x080001c4   0x080001c4   0x0000001a   Code   RO         3020    !!handler_copy      c_w.l(__scatter_copy.o)
    0x080001de   0x080001de   0x00000002   PAD
    0x080001e0   0x080001e0   0x0000001c   Code   RO         3022    !!handler_zi        c_w.l(__scatter_zi.o)
    0x080001fc   0x080001fc   0x00000002   Code   RO         2888    .ARM.Collect$$libinit$$00000000  c_w.l(libinit.o)
    0x080001fe   0x080001fe   0x00000004   Code   RO         2894    .ARM.Collect$$libinit$$00000001  c_w.l(libinit2.o)
    0x08000202   0x08000202   0x00000000   Code   RO         2897    .ARM.Collect$$libinit$$00000004  c_w.l(libinit2.o)
    0x08000202   0x08000202   0x00000000   Code   RO         2900    .ARM.Collect$$libinit$$0000000A  c_w.l(libinit2.o)
    0x08000202   0x08000202   0x00000000   Code   RO         2902    .ARM.Collect$$libinit$$0000000C  c_w.l(libinit2.o)
    0x08000202   0x08000202   0x00000000   Code   RO         2904    .ARM.Collect$$libinit$$0000000E  c_w.l(libinit2.o)
    0x08000202   0x08000202   0x00000000   Code   RO         2907    .ARM.Collect$$libinit$$00000011  c_w.l(libinit2.o)
    0x08000202   0x08000202   0x00000000   Code   RO         2909    .ARM.Collect$$libinit$$00000013  c_w.l(libinit2.o)
    0x08000202   0x08000202   0x00000000   Code   RO         2911    .ARM.Collect$$libinit$$00000015  c_w.l(libinit2.o)
    0x08000202   0x08000202   0x00000000   Code   RO         2913    .ARM.Collect$$libinit$$00000017  c_w.l(libinit2.o)
    0x08000202   0x08000202   0x00000000   Code   RO         2915    .ARM.Collect$$libinit$$00000019  c_w.l(libinit2.o)
    0x08000202   0x08000202   0x00000000   Code   RO         2917    .ARM.Collect$$libinit$$0000001B  c_w.l(libinit2.o)
    0x08000202   0x08000202   0x00000000   Code   RO         2919    .ARM.Collect$$libinit$$0000001D  c_w.l(libinit2.o)
    0x08000202   0x08000202   0x00000000   Code   RO         2921    .ARM.Collect$$libinit$$0000001F  c_w.l(libinit2.o)
    0x08000202   0x08000202   0x00000000   Code   RO         2923    .ARM.Collect$$libinit$$00000021  c_w.l(libinit2.o)
    0x08000202   0x08000202   0x00000000   Code   RO         2925    .ARM.Collect$$libinit$$00000023  c_w.l(libinit2.o)
    0x08000202   0x08000202   0x00000000   Code   RO         2927    .ARM.Collect$$libinit$$00000025  c_w.l(libinit2.o)
    0x08000202   0x08000202   0x00000000   Code   RO         2931    .ARM.Collect$$libinit$$0000002C  c_w.l(libinit2.o)
    0x08000202   0x08000202   0x00000000   Code   RO         2933    .ARM.Collect$$libinit$$0000002E  c_w.l(libinit2.o)
    0x08000202   0x08000202   0x00000000   Code   RO         2935    .ARM.Collect$$libinit$$00000030  c_w.l(libinit2.o)
    0x08000202   0x08000202   0x00000000   Code   RO         2937    .ARM.Collect$$libinit$$00000032  c_w.l(libinit2.o)
    0x08000202   0x08000202   0x00000002   Code   RO         2938    .ARM.Collect$$libinit$$00000033  c_w.l(libinit2.o)
    0x08000204   0x08000204   0x00000002   Code   RO         2958    .ARM.Collect$$libshutdown$$00000000  c_w.l(libshutdown.o)
    0x08000206   0x08000206   0x00000000   Code   RO         2971    .ARM.Collect$$libshutdown$$00000002  c_w.l(libshutdown2.o)
    0x08000206   0x08000206   0x00000000   Code   RO         2973    .ARM.Collect$$libshutdown$$00000004  c_w.l(libshutdown2.o)
    0x08000206   0x08000206   0x00000000   Code   RO         2976    .ARM.Collect$$libshutdown$$00000007  c_w.l(libshutdown2.o)
    0x08000206   0x08000206   0x00000000   Code   RO         2979    .ARM.Collect$$libshutdown$$0000000A  c_w.l(libshutdown2.o)
    0x08000206   0x08000206   0x00000000   Code   RO         2981    .ARM.Collect$$libshutdown$$0000000C  c_w.l(libshutdown2.o)
    0x08000206   0x08000206   0x00000000   Code   RO         2984    .ARM.Collect$$libshutdown$$0000000F  c_w.l(libshutdown2.o)
    0x08000206   0x08000206   0x00000002   Code   RO         2985    .ARM.Collect$$libshutdown$$00000010  c_w.l(libshutdown2.o)
    0x08000208   0x08000208   0x00000000   Code   RO         2863    .ARM.Collect$$rtentry$$00000000  c_w.l(__rtentry.o)
    0x08000208   0x08000208   0x00000000   Code   RO         2865    .ARM.Collect$$rtentry$$00000002  c_w.l(__rtentry2.o)
    0x08000208   0x08000208   0x00000006   Code   RO         2877    .ARM.Collect$$rtentry$$00000004  c_w.l(__rtentry4.o)
    0x0800020e   0x0800020e   0x00000000   Code   RO         2867    .ARM.Collect$$rtentry$$00000009  c_w.l(__rtentry2.o)
    0x0800020e   0x0800020e   0x00000004   Code   RO         2868    .ARM.Collect$$rtentry$$0000000A  c_w.l(__rtentry2.o)
    0x08000212   0x08000212   0x00000000   Code   RO         2870    .ARM.Collect$$rtentry$$0000000C  c_w.l(__rtentry2.o)
    0x08000212   0x08000212   0x00000008   Code   RO         2871    .ARM.Collect$$rtentry$$0000000D  c_w.l(__rtentry2.o)
    0x0800021a   0x0800021a   0x00000002   Code   RO         2892    .ARM.Collect$$rtexit$$00000000  c_w.l(rtexit.o)
    0x0800021c   0x0800021c   0x00000000   Code   RO         2940    .ARM.Collect$$rtexit$$00000002  c_w.l(rtexit2.o)
    0x0800021c   0x0800021c   0x00000004   Code   RO         2941    .ARM.Collect$$rtexit$$00000003  c_w.l(rtexit2.o)
    0x08000220   0x08000220   0x00000006   Code   RO         2942    .ARM.Collect$$rtexit$$00000004  c_w.l(rtexit2.o)
    0x08000226   0x08000226   0x00000002   PAD
    0x08000228   0x08000228   0x00000040   Code   RO          720    .text               startup_stm32f40_41xxx.o
    0x08000268   0x08000268   0x00000110   Code   RO         1828    .text               context_rvds.o
    0x08000378   0x08000378   0x00000048   Code   RO         2843    .text               c_w.l(strcpy.o)
    0x080003c0   0x080003c0   0x0000003e   Code   RO         2845    .text               c_w.l(strlen.o)
    0x080003fe   0x080003fe   0x00000096   Code   RO         2847    .text               c_w.l(strncmp.o)
    0x08000494   0x08000494   0x00000018   Code   RO         2849    .text               c_w.l(strcat.o)
    0x080004ac   0x080004ac   0x0000008a   Code   RO         2851    .text               c_w.l(rt_memcpy_v6.o)
    0x08000536   0x08000536   0x00000064   Code   RO         2853    .text               c_w.l(rt_memcpy_w.o)
    0x0800059a   0x0800059a   0x00000044   Code   RO         2855    .text               c_w.l(rt_memclr.o)
    0x080005de   0x080005de   0x0000004e   Code   RO         2857    .text               c_w.l(rt_memclr_w.o)
    0x0800062c   0x0800062c   0x00000006   Code   RO         2859    .text               c_w.l(heapauxi.o)
    0x08000632   0x08000632   0x0000004a   Code   RO         2879    .text               c_w.l(sys_stackheap_outer.o)
    0x0800067c   0x0800067c   0x00000012   Code   RO         2881    .text               c_w.l(exit.o)
    0x0800068e   0x0800068e   0x00000002   PAD
    0x08000690   0x08000690   0x00000008   Code   RO         2889    .text               c_w.l(libspace.o)
    0x08000698   0x08000698   0x0000000c   Code   RO         2950    .text               c_w.l(sys_exit.o)
    0x080006a4   0x080006a4   0x00000002   Code   RO         2961    .text               c_w.l(use_no_semi.o)
    0x080006a6   0x080006a6   0x00000000   Code   RO         2963    .text               c_w.l(indicate_semi.o)
    0x080006a6   0x080006a6   0x0000000e   Code   RO         1903    i.$Sub$$main        components.o
    0x080006b4   0x080006b4   0x00000004   Code   RO          206    i.BusFault_Handler  stm32f4xx_it.o
    0x080006b8   0x080006b8   0x00000002   Code   RO          207    i.DebugMon_Handler  stm32f4xx_it.o
    0x080006ba   0x080006ba   0x00000090   Code   RO          771    i.GPIO_Init         stm32f4xx_gpio.o
    0x0800074a   0x0800074a   0x00000046   Code   RO          772    i.GPIO_PinAFConfig  stm32f4xx_gpio.o
    0x08000790   0x08000790   0x00000004   Code   RO          779    i.GPIO_SetBits      stm32f4xx_gpio.o
    0x08000794   0x08000794   0x00000040   Code   RO          322    i.LED_Init          led.o
    0x080007d4   0x080007d4   0x00000004   Code   RO          208    i.MemManage_Handler  stm32f4xx_it.o
    0x080007d8   0x080007d8   0x00000002   Code   RO          209    i.NMI_Handler       stm32f4xx_it.o
    0x080007da   0x080007da   0x00000002   PAD
    0x080007dc   0x080007dc   0x00000078   Code   RO          726    i.NVIC_Init         misc.o
    0x08000854   0x08000854   0x00000020   Code   RO          868    i.RCC_AHB1PeriphClockCmd  stm32f4xx_rcc.o
    0x08000874   0x08000874   0x00000020   Code   RO          880    i.RCC_APB2PeriphClockCmd  stm32f4xx_rcc.o
    0x08000894   0x08000894   0x000000e8   Code   RO          889    i.RCC_GetClocksFreq  stm32f4xx_rcc.o
    0x0800097c   0x0800097c   0x00000002   Code   RO          210    i.SVC_Handler       stm32f4xx_it.o
    0x0800097e   0x0800097e   0x00000002   PAD
    0x08000980   0x08000980   0x000000ec   Code   RO          285    i.SetSysClock       system_stm32f4xx.o
    0x08000a6c   0x08000a6c   0x00000010   Code   RO         2812    i.SysTick_Handler   board.o
    0x08000a7c   0x08000a7c   0x00000068   Code   RO          287    i.SystemInit        system_stm32f4xx.o
    0x08000ae4   0x08000ae4   0x00000010   Code   RO          342    i.USART1_IRQHandler  usart.o
    0x08000af4   0x08000af4   0x00000012   Code   RO         1202    i.USART_ClearFlag   stm32f4xx_usart.o
    0x08000b06   0x08000b06   0x0000001e   Code   RO         1203    i.USART_ClearITPendingBit  stm32f4xx_usart.o
    0x08000b24   0x08000b24   0x00000018   Code   RO         1206    i.USART_Cmd         stm32f4xx_usart.o
    0x08000b3c   0x08000b3c   0x0000001a   Code   RO         1209    i.USART_GetFlagStatus  stm32f4xx_usart.o
    0x08000b56   0x08000b56   0x00000054   Code   RO         1210    i.USART_GetITStatus  stm32f4xx_usart.o
    0x08000baa   0x08000baa   0x0000004a   Code   RO         1212    i.USART_ITConfig    stm32f4xx_usart.o
    0x08000bf4   0x08000bf4   0x000000d4   Code   RO         1213    i.USART_Init        stm32f4xx_usart.o
    0x08000cc8   0x08000cc8   0x0000000a   Code   RO         1220    i.USART_ReceiveData  stm32f4xx_usart.o
    0x08000cd2   0x08000cd2   0x00000008   Code   RO         1223    i.USART_SendData    stm32f4xx_usart.o
    0x08000cda   0x08000cda   0x00000004   Code   RO          211    i.UsageFault_Handler  stm32f4xx_it.o
    0x08000cde   0x08000cde   0x00000002   PAD
    0x08000ce0   0x08000ce0   0x0000004c   Code   RO         2207    i.__rt_ffs          kservice.o
    0x08000d2c   0x08000d2c   0x00000014   Code   RO         2061    i._has_defunct_thread  idle.o
    0x08000d40   0x08000d40   0x000000e8   Code   RO         1516    i._list_device      cmd.o
    0x08000e28   0x08000e28   0x00000114   Code   RO         1517    i._list_mempool     cmd.o
    0x08000f3c   0x08000f3c   0x000000f8   Code   RO         1518    i._list_sem         cmd.o
    0x08001034   0x08001034   0x0000016c   Code   RO         1519    i._list_thread      cmd.o
    0x080011a0   0x080011a0   0x00000110   Code   RO         1520    i._list_timer       cmd.o
    0x080012b0   0x080012b0   0x0000006a   Code   RO         1637    i._msh_exec_cmd     msh.o
    0x0800131a   0x0800131a   0x00000002   PAD
    0x0800131c   0x0800131c   0x00000084   Code   RO         2588    i._rt_thread_init   thread.o
    0x080013a0   0x080013a0   0x00000042   Code   RO         2703    i._rt_timer_init    timer.o
    0x080013e2   0x080013e2   0x0000002e   Code   RO         2704    i._rt_timer_remove  timer.o
    0x08001410   0x08001410   0x0000000e   Code   RO         1697    i.cmd_free          msh_cmd.o
    0x0800141e   0x0800141e   0x0000000e   Code   RO         1698    i.cmd_ps            msh_cmd.o
    0x0800142c   0x0800142c   0x00000006   Code   RO         1699    i.cmd_time          msh_cmd.o
    0x08001432   0x08001432   0x00000002   PAD
    0x08001434   0x08001434   0x00000040   Code   RO         1733    i.finsh_get_prompt  shell.o
    0x08001474   0x08001474   0x00000030   Code   RO         1734    i.finsh_getchar     shell.o
    0x080014a4   0x080014a4   0x00000018   Code   RO         1735    i.finsh_rx_ind      shell.o
    0x080014bc   0x080014bc   0x000000a8   Code   RO         1736    i.finsh_set_device  shell.o
    0x08001564   0x08001564   0x00000014   Code   RO         1738    i.finsh_system_function_init  shell.o
    0x08001578   0x08001578   0x000000ac   Code   RO         1739    i.finsh_system_init  shell.o
    0x08001624   0x08001624   0x000003d0   Code   RO         1741    i.finsh_thread_entry  shell.o
    0x080019f4   0x080019f4   0x00000020   Code   RO         1521    i.hello             cmd.o
    0x08001a14   0x08001a14   0x0000002c   Code   RO            3    i.led0_thread_entry  main.o
    0x08001a40   0x08001a40   0x00000028   Code   RO            4    i.led1_thread_entry  main.o
    0x08001a68   0x08001a68   0x00000058   Code   RO         1522    i.list              cmd.o
    0x08001ac0   0x08001ac0   0x00000012   Code   RO         1523    i.list_device       cmd.o
    0x08001ad2   0x08001ad2   0x00000002   PAD
    0x08001ad4   0x08001ad4   0x00000078   Code   RO         2396    i.list_mem          mem.o
    0x08001b4c   0x08001b4c   0x00000012   Code   RO         1524    i.list_mempool      cmd.o
    0x08001b5e   0x08001b5e   0x00000012   Code   RO         1525    i.list_sem          cmd.o
    0x08001b70   0x08001b70   0x00000012   Code   RO         1526    i.list_thread       cmd.o
    0x08001b82   0x08001b82   0x00000012   Code   RO         1527    i.list_timer        cmd.o
    0x08001b94   0x08001b94   0x00000078   Code   RO            5    i.main              main.o
    0x08001c0c   0x08001c0c   0x0000000e   Code   RO         1904    i.main_thread_entry  components.o
    0x08001c1a   0x08001c1a   0x00000002   PAD
    0x08001c1c   0x08001c1c   0x000000a0   Code   RO         1638    i.msh_auto_complete  msh.o
    0x08001cbc   0x08001cbc   0x0000006c   Code   RO         1639    i.msh_exec          msh.o
    0x08001d28   0x08001d28   0x0000005c   Code   RO         1640    i.msh_get_cmd       msh.o
    0x08001d84   0x08001d84   0x00000074   Code   RO         1641    i.msh_help          msh.o
    0x08001df8   0x08001df8   0x00000004   Code   RO         1642    i.msh_is_used       msh.o
    0x08001dfc   0x08001dfc   0x000000f0   Code   RO         1643    i.msh_split         msh.o
    0x08001eec   0x08001eec   0x00000024   Code   RO          343    i.nvic_configuration  usart.o
    0x08001f10   0x08001f10   0x0000003e   Code   RO         1528    i.object_name_maxlen  cmd.o
    0x08001f4e   0x08001f4e   0x00000002   PAD
    0x08001f50   0x08001f50   0x0000001c   Code   RO         1529    i.object_split      cmd.o
    0x08001f6c   0x08001f6c   0x00000078   Code   RO         2397    i.plug_holes        mem.o
    0x08001fe4   0x08001fe4   0x0000018c   Code   RO         2209    i.print_number      kservice.o
    0x08002170   0x08002170   0x0000002c   Code   RO         1905    i.rt_application_init  components.o
    0x0800219c   0x0800219c   0x0000001c   Code   RO         1906    i.rt_components_board_init  components.o
    0x080021b8   0x080021b8   0x0000001c   Code   RO         1907    i.rt_components_init  components.o
    0x080021d4   0x080021d4   0x0000000c   Code   RO         2210    i.rt_console_get_device  kservice.o
    0x080021e0   0x080021e0   0x00000034   Code   RO         2211    i.rt_console_set_device  kservice.o
    0x08002214   0x08002214   0x00000036   Code   RO         1971    i.rt_device_close   device.o
    0x0800224a   0x0800224a   0x00000052   Code   RO         1975    i.rt_device_find    device.o
    0x0800229c   0x0800229c   0x000000b4   Code   RO         1978    i.rt_device_open    device.o
    0x08002350   0x08002350   0x0000003e   Code   RO         1979    i.rt_device_read    device.o
    0x0800238e   0x0800238e   0x00000034   Code   RO         1980    i.rt_device_register  device.o
    0x080023c2   0x080023c2   0x00000008   Code   RO         1981    i.rt_device_set_rx_indicate  device.o
    0x080023ca   0x080023ca   0x0000003e   Code   RO         1984    i.rt_device_write   device.o
    0x08002408   0x08002408   0x00000020   Code   RO         2525    i.rt_enter_critical  scheduler.o
    0x08002428   0x08002428   0x0000003c   Code   RO         2526    i.rt_exit_critical  scheduler.o
    0x08002464   0x08002464   0x000000e0   Code   RO         2399    i.rt_free           mem.o
    0x08002544   0x08002544   0x00000084   Code   RO         2813    i.rt_hw_board_init  board.o
    0x080025c8   0x080025c8   0x00000002   Code   RO         2214    i.rt_hw_console_output  kservice.o
    0x080025ca   0x080025ca   0x00000002   PAD
    0x080025cc   0x080025cc   0x00000110   Code   RO         1834    i.rt_hw_hard_fault_exception  cpuport.o
    0x080026dc   0x080026dc   0x00000050   Code   RO         1835    i.rt_hw_stack_init  cpuport.o
    0x0800272c   0x0800272c   0x00000078   Code   RO          344    i.rt_hw_usart_init  usart.o
    0x080027a4   0x080027a4   0x00000020   Code   RO         2180    i.rt_interrupt_enter  irq.o
    0x080027c4   0x080027c4   0x0000000c   Code   RO         2181    i.rt_interrupt_get_nest  irq.o
    0x080027d0   0x080027d0   0x00000020   Code   RO         2182    i.rt_interrupt_leave  irq.o
    0x080027f0   0x080027f0   0x0000006c   Code   RO         2102    i.rt_ipc_list_suspend  ipc.o
    0x0800285c   0x0800285c   0x00000010   Code   RO         2103    i.rt_ipc_object_init  ipc.o
    0x0800286c   0x0800286c   0x00000068   Code   RO         2215    i.rt_kprintf        kservice.o
    0x080028d4   0x080028d4   0x00000006   Code   RO         2527    i.rt_list_init      scheduler.o
    0x080028da   0x080028da   0x00000006   Code   RO         2705    i.rt_list_init      timer.o
    0x080028e0   0x080028e0   0x0000000e   Code   RO         2455    i.rt_list_insert_after  object.o
    0x080028ee   0x080028ee   0x0000000e   Code   RO         2589    i.rt_list_insert_after  thread.o
    0x080028fc   0x080028fc   0x0000000e   Code   RO         2706    i.rt_list_insert_after  timer.o
    0x0800290a   0x0800290a   0x0000000e   Code   RO         2104    i.rt_list_insert_before  ipc.o
    0x08002918   0x08002918   0x00000010   Code   RO         2105    i.rt_list_isempty   ipc.o
    0x08002928   0x08002928   0x00000010   Code   RO         2707    i.rt_list_isempty   timer.o
    0x08002938   0x08002938   0x00000014   Code   RO         1530    i.rt_list_len       cmd.o
    0x0800294c   0x0800294c   0x00000012   Code   RO         2456    i.rt_list_remove    object.o
    0x0800295e   0x0800295e   0x00000012   Code   RO         2590    i.rt_list_remove    thread.o
    0x08002970   0x08002970   0x0000016c   Code   RO         2400    i.rt_malloc         mem.o
    0x08002adc   0x08002adc   0x00000042   Code   RO         2220    i.rt_memmove        kservice.o
    0x08002b1e   0x08002b1e   0x00000048   Code   RO         2221    i.rt_memset         kservice.o
    0x08002b66   0x08002b66   0x0000004a   Code   RO         2457    i.rt_object_allocate  object.o
    0x08002bb0   0x08002bb0   0x00000020   Code   RO         2458    i.rt_object_delete  object.o
    0x08002bd0   0x08002bd0   0x0000001a   Code   RO         2459    i.rt_object_detach  object.o
    0x08002bea   0x08002bea   0x00000002   PAD
    0x08002bec   0x08002bec   0x00000028   Code   RO         2461    i.rt_object_get_information  object.o
    0x08002c14   0x08002c14   0x0000003c   Code   RO         2462    i.rt_object_init    object.o
    0x08002c50   0x08002c50   0x00000012   Code   RO         2463    i.rt_object_is_systemobject  object.o
    0x08002c62   0x08002c62   0x0000004c   Code   RO          532    i.rt_ringbuffer_data_len  ringbuffer.o
    0x08002cae   0x08002cae   0x000000a4   Code   RO          534    i.rt_ringbuffer_get  ringbuffer.o
    0x08002d52   0x08002d52   0x00000030   Code   RO          536    i.rt_ringbuffer_init  ringbuffer.o
    0x08002d82   0x08002d82   0x0000007e   Code   RO          540    i.rt_ringbuffer_putchar_force  ringbuffer.o
    0x08002e00   0x08002e00   0x0000002a   Code   RO          542    i.rt_ringbuffer_status  ringbuffer.o
    0x08002e2a   0x08002e2a   0x00000002   PAD
    0x08002e2c   0x08002e2c   0x00000090   Code   RO         2528    i.rt_schedule       scheduler.o
    0x08002ebc   0x08002ebc   0x00000050   Code   RO         2529    i.rt_schedule_insert_thread  scheduler.o
    0x08002f0c   0x08002f0c   0x00000054   Code   RO         2530    i.rt_schedule_remove_thread  scheduler.o
    0x08002f60   0x08002f60   0x00000026   Code   RO         2110    i.rt_sem_init       ipc.o
    0x08002f86   0x08002f86   0x00000046   Code   RO         2111    i.rt_sem_release    ipc.o
    0x08002fcc   0x08002fcc   0x00000074   Code   RO         2112    i.rt_sem_take       ipc.o
    0x08003040   0x08003040   0x00000028   Code   RO         2222    i.rt_set_errno      kservice.o
    0x08003068   0x08003068   0x000000b0   Code   RO         2223    i.rt_show_version   kservice.o
    0x08003118   0x08003118   0x00000012   Code   RO         2229    i.rt_strlen         kservice.o
    0x0800312a   0x0800312a   0x00000028   Code   RO         2230    i.rt_strncmp        kservice.o
    0x08003152   0x08003152   0x00000034   Code   RO         2231    i.rt_strncpy        kservice.o
    0x08003186   0x08003186   0x00000002   PAD
    0x08003188   0x08003188   0x000000f8   Code   RO         2403    i.rt_system_heap_init  mem.o
    0x08003280   0x08003280   0x0000004c   Code   RO         2531    i.rt_system_scheduler_init  scheduler.o
    0x080032cc   0x080032cc   0x00000030   Code   RO         2532    i.rt_system_scheduler_start  scheduler.o
    0x080032fc   0x080032fc   0x0000001c   Code   RO         2708    i.rt_system_timer_init  timer.o
    0x08003318   0x08003318   0x00000002   Code   RO         2709    i.rt_system_timer_thread_init  timer.o
    0x0800331a   0x0800331a   0x00000050   Code   RO         2592    i.rt_thread_create  thread.o
    0x0800336a   0x0800336a   0x0000000c   Code   RO         2593    i.rt_thread_delay   thread.o
    0x08003376   0x08003376   0x00000002   PAD
    0x08003378   0x08003378   0x00000054   Code   RO         2596    i.rt_thread_exit    thread.o
    0x080033cc   0x080033cc   0x00000008   Code   RO         2062    i.rt_thread_idle_entry  idle.o
    0x080033d4   0x080033d4   0x00000084   Code   RO         2063    i.rt_thread_idle_excute  idle.o
    0x08003458   0x08003458   0x0000003c   Code   RO         2065    i.rt_thread_idle_init  idle.o
    0x08003494   0x08003494   0x00000034   Code   RO         2598    i.rt_thread_init    thread.o
    0x080034c8   0x080034c8   0x0000003c   Code   RO         2599    i.rt_thread_resume  thread.o
    0x08003504   0x08003504   0x0000000c   Code   RO         2600    i.rt_thread_self    thread.o
    0x08003510   0x08003510   0x00000044   Code   RO         2601    i.rt_thread_sleep   thread.o
    0x08003554   0x08003554   0x0000002c   Code   RO         2602    i.rt_thread_startup  thread.o
    0x08003580   0x08003580   0x00000044   Code   RO         2603    i.rt_thread_suspend  thread.o
    0x080035c4   0x080035c4   0x00000020   Code   RO         2604    i.rt_thread_timeout  thread.o
    0x080035e4   0x080035e4   0x00000064   Code   RO         2605    i.rt_thread_yield   thread.o
    0x08003648   0x08003648   0x0000000c   Code   RO         1867    i.rt_tick_get       clock.o
    0x08003654   0x08003654   0x00000030   Code   RO         1868    i.rt_tick_increase  clock.o
    0x08003684   0x08003684   0x0000007c   Code   RO         2710    i.rt_timer_check    timer.o
    0x08003700   0x08003700   0x00000038   Code   RO         2711    i.rt_timer_control  timer.o
    0x08003738   0x08003738   0x00000020   Code   RO         2714    i.rt_timer_detach   timer.o
    0x08003758   0x08003758   0x0000002e   Code   RO         2715    i.rt_timer_init     timer.o
    0x08003786   0x08003786   0x00000002   PAD
    0x08003788   0x08003788   0x000000f8   Code   RO         2718    i.rt_timer_start    timer.o
    0x08003880   0x08003880   0x00000030   Code   RO         2719    i.rt_timer_stop     timer.o
    0x080038b0   0x080038b0   0x00000030   Code   RO          345    i.rt_uart_close     usart.o
    0x080038e0   0x080038e0   0x00000026   Code   RO          346    i.rt_uart_init      usart.o
    0x08003906   0x08003906   0x00000030   Code   RO          347    i.rt_uart_open      usart.o
    0x08003936   0x08003936   0x0000002e   Code   RO          348    i.rt_uart_read      usart.o
    0x08003964   0x08003964   0x0000008e   Code   RO          349    i.rt_uart_write     usart.o
    0x080039f2   0x080039f2   0x00000002   PAD
    0x080039f4   0x080039f4   0x00000328   Code   RO         2234    i.rt_vsnprintf      kservice.o
    0x08003d1c   0x08003d1c   0x00000004   Code   RO         1908    i.rti_board_end     components.o
    0x08003d20   0x08003d20   0x00000004   Code   RO         1909    i.rti_board_start   components.o
    0x08003d24   0x08003d24   0x00000004   Code   RO         1910    i.rti_end           components.o
    0x08003d28   0x08003d28   0x00000004   Code   RO         1911    i.rti_start         components.o
    0x08003d2c   0x08003d2c   0x0000002a   Code   RO         1912    i.rtthread_startup  components.o
    0x08003d56   0x08003d56   0x00000002   PAD
    0x08003d58   0x08003d58   0x00000038   Code   RO         1742    i.shell_auto_complete  shell.o
    0x08003d90   0x08003d90   0x00000030   Code   RO         1531    i.show_wait_queue   cmd.o
    0x08003dc0   0x08003dc0   0x00000026   Code   RO         2236    i.skip_atoi         kservice.o
    0x08003de6   0x08003de6   0x00000020   Code   RO         1644    i.str_common        msh.o
    0x08003e06   0x08003e06   0x00000002   PAD
    0x08003e08   0x08003e08   0x00000044   Code   RO          350    i.uart_io_init      usart.o
    0x08003e4c   0x08003e4c   0x0000004c   Code   RO          351    i.uart_irq_handler  usart.o
    0x08003e98   0x08003e98   0x00000042   Code   RO          352    i.uart_ll_init      usart.o
    0x08003eda   0x08003eda   0x0000000a   Code   RO         1532    i.version           cmd.o
    0x08003ee4   0x08003ee4   0x0000000a   Code   RO         2948    x$fpl$fpinit        fz_wm.l(fpinit.o)
    0x08003eee   0x08003eee   0x00000002   PAD
    0x08003ef0   0x08003ef0   0x00000104   Data   RO         1533    .constdata          cmd.o
    0x08003ff4   0x08003ff4   0x0000000b   Data   RO         1645    .constdata          msh.o
    0x08003fff   0x08003fff   0x0000001f   Data   RO         1700    .constdata          msh_cmd.o
    0x0800401e   0x0800401e   0x00000122   Data   RO         2238    .constdata          kservice.o
    0x08004140   0x08004140   0x00000009   Data   RO         2405    .constdata          mem.o
    0x08004149   0x08004149   0x00000003   PAD
    0x0800414c   0x0800414c   0x0000015d   Data   RO         1534    .conststring        cmd.o
    0x080042a9   0x080042a9   0x00000003   PAD
    0x080042ac   0x080042ac   0x00000004   Data   RO         1913    .rti_fn.0           components.o
    0x080042b0   0x080042b0   0x00000004   Data   RO         1914    .rti_fn.0.end       components.o
    0x080042b4   0x080042b4   0x00000004   Data   RO          354    .rti_fn.1           usart.o
    0x080042b8   0x080042b8   0x00000004   Data   RO         1915    .rti_fn.1.end       components.o
    0x080042bc   0x080042bc   0x00000004   Data   RO         1745    .rti_fn.6           shell.o
    0x080042c0   0x080042c0   0x00000004   Data   RO         1916    .rti_fn.6.end       components.o
    0x080042c4   0x080042c4   0x00000070   Data   RO         1535    FSymTab             cmd.o
    0x08004334   0x08004334   0x00000008   Data   RO         1646    FSymTab             msh.o
    0x0800433c   0x0800433c   0x00000018   Data   RO         1701    FSymTab             msh_cmd.o
    0x08004354   0x08004354   0x00000008   Data   RO         2407    FSymTab             mem.o
    0x0800435c   0x0800435c   0x00000020   Data   RO         3016    Region$$Table       anon$$obj.o


    Execution Region RW_IRAM1 (Exec base: 0x20000000, Load base: 0x0800437c, Size: 0x000025e0, Max: 0x00020000, ABSOLUTE)

    Exec Addr    Load Addr    Size         Type   Attr      Idx    E Section Name        Object

    0x20000000   0x0800437c   0x00000014   Data   RW          288    .data               system_stm32f4xx.o
    0x20000014   0x08004390   0x00000010   Data   RW          921    .data               stm32f4xx_rcc.o
    0x20000024   0x080043a0   0x00000004   Data   RW         1744    .data               shell.o
    0x20000028   0x080043a4   0x00000010   Data   RW         1812    .data               symbol.o
    0x20000038   0x080043b4   0x00000010   Data   RW         1836    .data               cpuport.o
    0x20000048   0x080043c4   0x00000004   Data   RW         1870    .data               clock.o
    0x2000004c   0x080043c8   0x00000001   Data   RW         2183    .data               irq.o
    0x2000004d   0x080043c9   0x00000003   PAD
    0x20000050   0x080043cc   0x00000008   Data   RW         2239    .data               kservice.o
    0x20000058   0x080043d4   0x00000018   Data   RW         2406    .data               mem.o
    0x20000070   0x080043ec   0x00000050   Data   RW         2465    .data               object.o
    0x200000c0   0x0800443c   0x00000018   Data   RW         2534    .data               scheduler.o
    0x200000d8   0x08004454   0x0000000c   Data   RW         2720    .data               timer.o
    0x200000e4        -       0x000008f0   Zero   RW            6    .bss                main.o
    0x200009d4        -       0x00000254   Zero   RW          353    .bss                usart.o
    0x20000c28        -       0x000010f9   Zero   RW         1743    .bss                shell.o
    0x20001d21   0x08004460   0x00000003   PAD
    0x20001d24        -       0x00000178   Zero   RW         2066    .bss                idle.o
    0x20001e9c        -       0x00000080   Zero   RW         2237    .bss                kservice.o
    0x20001f1c        -       0x00000020   Zero   RW         2404    .bss                mem.o
    0x20001f3c        -       0x00000040   Zero   RW         2533    .bss                scheduler.o
    0x20001f7c        -       0x00000060   Zero   RW         2890    .bss                c_w.l(libspace.o)
    0x20001fdc   0x08004460   0x00000004   PAD
    0x20001fe0        -       0x00000200   Zero   RW          718    HEAP                startup_stm32f40_41xxx.o
    0x200021e0        -       0x00000400   Zero   RW          717    STACK               startup_stm32f40_41xxx.o


==============================================================================

Image component sizes


      Code (inc. data)   RO Data    RW Data    ZI Data      Debug   Object Name

       148         28          0          0          0      28108   board.o
        60         12          0          4          0       1217   clock.o
      1770        752        721          0          0      15390   cmd.o
       186         28         16          0          0       6060   components.o
       272         26          0          0          0       1016   context_rvds.o
       352        166          0         16          0       3674   cpuport.o
         0          0          0          0          0       1992   dataqueue.o
       500         58          0          0          0       5624   device.o
       220         30          0          0        376       5138   idle.o
       378          0          0          0          0       5257   ipc.o
        76         18          0          1          0       2134   irq.o
      1952        182        290          8        128      12924   kservice.o
        64          4          0          0          0        703   led.o
       204         56          0          0       2288     275945   main.o
      1076        310         17         24         32       4726   mem.o
       120         14          0          0          0       1336   misc.o
       858        154         19          0          0       7799   msh.o
        34          0         55          0          0       2972   msh_cmd.o
       282          4          0         80          0       7864   object.o
       456          0          0          0          0       4680   ringbuffer.o
       530         88          0         24         64       6138   scheduler.o
      1528        198          4          4       4345       6724   shell.o
        64         26        392          0       1536        968   startup_stm32f40_41xxx.o
       218          0          0          0          0       2986   stm32f4xx_gpio.o
        18          0          0          0          0       3715   stm32f4xx_it.o
       296         30          0         16          0       4862   stm32f4xx_rcc.o
       486          8          0          0          0       8381   stm32f4xx_usart.o
         0          0          0         16          0       4921   symbol.o
       340         32          0         20          0       2421   system_stm32f4xx.o
       776         36          0          0          0      11751   thread.o
       732         20          0         12          0      10996   timer.o
       704         54          4          0        596      37939   usart.o
         0          0          0          0          0       2036   waitqueue.o

    ----------------------------------------------------------------------
     14734       2334       1556        228       9368     498397   Object Totals
         0          0         32          0          0          0   (incl. Generated)
        34          0          6          3          3          0   (incl. Padding)

    ----------------------------------------------------------------------

      Code (inc. data)   RO Data    RW Data    ZI Data      Debug   Library Member Name

         8          0          0          0          0         68   __main.o
         0          0          0          0          0          0   __rtentry.o
        12          0          0          0          0          0   __rtentry2.o
         6          0          0          0          0          0   __rtentry4.o
        52          8          0          0          0          0   __scatter.o
        26          0          0          0          0          0   __scatter_copy.o
        28          0          0          0          0          0   __scatter_zi.o
        18          0          0          0          0         80   exit.o
         6          0          0          0          0        152   heapauxi.o
         0          0          0          0          0          0   indicate_semi.o
         2          0          0          0          0          0   libinit.o
         6          0          0          0          0          0   libinit2.o
         2          0          0          0          0          0   libshutdown.o
         2          0          0          0          0          0   libshutdown2.o
         8          4          0          0         96         68   libspace.o
        68          0          0          0          0         68   rt_memclr.o
        78          0          0          0          0         80   rt_memclr_w.o
       138          0          0          0          0         68   rt_memcpy_v6.o
       100          0          0          0          0         80   rt_memcpy_w.o
         2          0          0          0          0          0   rtexit.o
        10          0          0          0          0          0   rtexit2.o
        24          0          0          0          0         68   strcat.o
        72          0          0          0          0         80   strcpy.o
        62          0          0          0          0         76   strlen.o
       150          0          0          0          0         80   strncmp.o
        12          4          0          0          0         68   sys_exit.o
        74          0          0          0          0         80   sys_stackheap_outer.o
         2          0          0          0          0         68   use_no_semi.o
        10          0          0          0          0        116   fpinit.o

    ----------------------------------------------------------------------
       986         16          0          0        100       1300   Library Totals
         8          0          0          0          4          0   (incl. Padding)

    ----------------------------------------------------------------------

      Code (inc. data)   RO Data    RW Data    ZI Data      Debug   Library Name

       968         16          0          0         96       1184   c_w.l
        10          0          0          0          0        116   fz_wm.l

    ----------------------------------------------------------------------
       986         16          0          0        100       1300   Library Totals

    ----------------------------------------------------------------------

==============================================================================


      Code (inc. data)   RO Data    RW Data    ZI Data      Debug   

     15720       2350       1556        228       9468     481625   Grand Totals
     15720       2350       1556        228       9468     481625   ELF Image Totals
     15720       2350       1556        228          0          0   ROM Totals

==============================================================================

    Total RO  Size (Code + RO Data)                17276 (  16.87kB)
    Total RW  Size (RW Data + ZI Data)              9696 (   9.47kB)
    Total ROM Size (Code + RO Data + RW Data)      17504 (  17.09kB)

==============================================================================

